Component: ARM Compiler 5.06 update 7 (build 960) Tool: armlink [4d3601]

==============================================================================

Section Cross References

    startup_stm32f407xx.o(RESET) refers to startup_stm32f407xx.o(STACK) for __initial_sp
    startup_stm32f407xx.o(RESET) refers to startup_stm32f407xx.o(.text) for Reset_Handler
    startup_stm32f407xx.o(RESET) refers to stm32f4xx_it.o(i.NMI_Handler) for NMI_Handler
    startup_stm32f407xx.o(RESET) refers to stm32f4xx_it.o(i.HardFault_Handler) for HardFault_Handler
    startup_stm32f407xx.o(RESET) refers to stm32f4xx_it.o(i.MemManage_Handler) for MemManage_Handler
    startup_stm32f407xx.o(RESET) refers to stm32f4xx_it.o(i.BusFault_Handler) for BusFault_Handler
    startup_stm32f407xx.o(RESET) refers to stm32f4xx_it.o(i.UsageFault_Handler) for UsageFault_Handler
    startup_stm32f407xx.o(RESET) refers to stm32f4xx_it.o(i.SVC_Handler) for SVC_Handler
    startup_stm32f407xx.o(RESET) refers to stm32f4xx_it.o(i.DebugMon_Handler) for DebugMon_Handler
    startup_stm32f407xx.o(RESET) refers to stm32f4xx_it.o(i.PendSV_Handler) for PendSV_Handler
    startup_stm32f407xx.o(RESET) refers to stm32f4xx_it.o(i.SysTick_Handler) for SysTick_Handler
    startup_stm32f407xx.o(RESET) refers to stm32f4xx_it.o(i.DMA1_Stream5_IRQHandler) for DMA1_Stream5_IRQHandler
    startup_stm32f407xx.o(RESET) refers to stm32f4xx_it.o(i.USART1_IRQHandler) for USART1_IRQHandler
    startup_stm32f407xx.o(RESET) refers to stm32f4xx_it.o(i.TIM7_IRQHandler) for TIM7_IRQHandler
    startup_stm32f407xx.o(RESET) refers to stm32f4xx_it.o(i.DMA2_Stream0_IRQHandler) for DMA2_Stream0_IRQHandler
    startup_stm32f407xx.o(RESET) refers to stm32f4xx_it.o(i.DMA2_Stream2_IRQHandler) for DMA2_Stream2_IRQHandler
    startup_stm32f407xx.o(RESET) refers to stm32f4xx_it.o(i.DMA2_Stream7_IRQHandler) for DMA2_Stream7_IRQHandler
    startup_stm32f407xx.o(.text) refers to system_stm32f4xx.o(i.SystemInit) for SystemInit
    startup_stm32f407xx.o(.text) refers to entry.o(.ARM.Collect$$$$00000000) for __main
    main.o(i.MX_NVIC_Init) refers to stm32f4xx_hal_cortex.o(i.HAL_NVIC_SetPriority) for HAL_NVIC_SetPriority
    main.o(i.MX_NVIC_Init) refers to stm32f4xx_hal_cortex.o(i.HAL_NVIC_EnableIRQ) for HAL_NVIC_EnableIRQ
    main.o(i.SystemClock_Config) refers to memseta.o(.text) for __aeabi_memclr4
    main.o(i.SystemClock_Config) refers to stm32f4xx_hal_rcc.o(i.HAL_RCC_OscConfig) for HAL_RCC_OscConfig
    main.o(i.SystemClock_Config) refers to main.o(i.Error_Handler) for Error_Handler
    main.o(i.SystemClock_Config) refers to stm32f4xx_hal_rcc.o(i.HAL_RCC_ClockConfig) for HAL_RCC_ClockConfig
    main.o(i.main) refers to stm32f4xx_hal.o(i.HAL_Init) for HAL_Init
    main.o(i.main) refers to main.o(i.SystemClock_Config) for SystemClock_Config
    main.o(i.main) refers to gpio.o(i.MX_GPIO_Init) for MX_GPIO_Init
    main.o(i.main) refers to dma.o(i.MX_DMA_Init) for MX_DMA_Init
    main.o(i.main) refers to fsmc.o(i.MX_FSMC_Init) for MX_FSMC_Init
    main.o(i.main) refers to spi.o(i.MX_SPI2_Init) for MX_SPI2_Init
    main.o(i.main) refers to tim.o(i.MX_TIM2_Init) for MX_TIM2_Init
    main.o(i.main) refers to tim.o(i.MX_TIM7_Init) for MX_TIM7_Init
    main.o(i.main) refers to usart.o(i.MX_USART1_UART_Init) for MX_USART1_UART_Init
    main.o(i.main) refers to tim.o(i.MX_TIM6_Init) for MX_TIM6_Init
    main.o(i.main) refers to adc.o(i.MX_ADC1_Init) for MX_ADC1_Init
    main.o(i.main) refers to tim.o(i.MX_TIM3_Init) for MX_TIM3_Init
    main.o(i.main) refers to main.o(i.MX_NVIC_Init) for MX_NVIC_Init
    main.o(i.main) refers to led.o(i.LED_GPIO_Init) for LED_GPIO_Init
    main.o(i.main) refers to w25q64.o(i.W25Q64_CS_GPIO_Init) for W25Q64_CS_GPIO_Init
    main.o(i.main) refers to lcd_drive.o(i.LCD_Initialize) for LCD_Initialize
    main.o(i.main) refers to stm32f4xx_hal_tim.o(i.HAL_TIM_Base_Start_IT) for HAL_TIM_Base_Start_IT
    main.o(i.main) refers to stm32f4xx_hal_tim.o(i.HAL_TIM_PWM_Start) for HAL_TIM_PWM_Start
    main.o(i.main) refers to key.o(i.KEY_GPIO_Init) for KEY_GPIO_Init
    main.o(i.main) refers to key.o(i.KEY_Param_Init) for KEY_Param_Init
    main.o(i.main) refers to touch.o(i.FT6336_I2C_GPIO_Init) for FT6336_I2C_GPIO_Init
    main.o(i.main) refers to tftdisp.o(i.Draw_Main_Win) for Draw_Main_Win
    main.o(i.main) refers to gui.o(i.Gui_Draw_Asc16_Hzk16) for Gui_Draw_Asc16_Hzk16
    main.o(i.main) refers to stm32f4xx_hal_uart.o(i.HAL_UARTEx_ReceiveToIdle_DMA) for HAL_UARTEx_ReceiveToIdle_DMA
    main.o(i.main) refers to stm32f4xx_hal_adc.o(i.HAL_ADC_Start_DMA) for HAL_ADC_Start_DMA
    main.o(i.main) refers to time_drive.o(i.Set_TIMx_Freq) for Set_TIMx_Freq
    main.o(i.main) refers to stm32f4xx_hal_tim.o(i.HAL_TIM_Base_Start) for HAL_TIM_Base_Start
    main.o(i.main) refers to stm32f4xx_hal_adc.o(i.HAL_ADC_Start) for HAL_ADC_Start
    main.o(i.main) refers to stm32f4xx_hal_adc.o(i.HAL_ADC_PollForConversion) for HAL_ADC_PollForConversion
[...]
    i.HAL_TIM_IRQHandler                     0x080035ce   Section        0  stm32f4xx_hal_tim.o(i.HAL_TIM_IRQHandler)
    i.HAL_TIM_MspPostInit                    0x08003764   Section        0  tim.o(i.HAL_TIM_MspPostInit)
    i.HAL_TIM_OC_DelayElapsedCallback        0x080037c0   Section        0  stm32f4xx_hal_tim.o(i.HAL_TIM_OC_DelayElapsedCallback)
    i.HAL_TIM_PWM_ConfigChannel              0x080037c2   Section        0  stm32f4xx_hal_tim.o(i.HAL_TIM_PWM_ConfigChannel)
    i.HAL_TIM_PWM_Init                       0x080038c6   Section        0  stm32f4xx_hal_tim.o(i.HAL_TIM_PWM_Init)
    i.HAL_TIM_PWM_MspInit                    0x0800392c   Section        0  stm32f4xx_hal_tim.o(i.HAL_TIM_PWM_MspInit)
    i.HAL_TIM_PWM_PulseFinishedCallback      0x0800392e   Section        0  stm32f4xx_hal_tim.o(i.HAL_TIM_PWM_PulseFinishedCallback)
    i.HAL_TIM_PWM_Start                      0x08003930   Section        0  stm32f4xx_hal_tim.o(i.HAL_TIM_PWM_Start)
    i.HAL_TIM_PeriodElapsedCallback          0x08003a3c   Section        0  time_drive.o(i.HAL_TIM_PeriodElapsedCallback)
    i.HAL_TIM_TriggerCallback                0x08003a68   Section        0  stm32f4xx_hal_tim.o(i.HAL_TIM_TriggerCallback)
    i.HAL_UARTEx_ReceiveToIdle_DMA           0x08003a6a   Section        0  stm32f4xx_hal_uart.o(i.HAL_UARTEx_ReceiveToIdle_DMA)
    i.HAL_UARTEx_RxEventCallback             0x08003aec   Section        0  usart.o(i.HAL_UARTEx_RxEventCallback)
    i.HAL_UART_ErrorCallback                 0x08003b0c   Section        0  stm32f4xx_hal_uart.o(i.HAL_UART_ErrorCallback)
    i.HAL_UART_IRQHandler                    0x08003b10   Section        0  stm32f4xx_hal_uart.o(i.HAL_UART_IRQHandler)
    i.HAL_UART_Init                          0x08003df0   Section        0  stm32f4xx_hal_uart.o(i.HAL_UART_Init)
    i.HAL_UART_MspInit                       0x08003e64   Section        0  usart.o(i.HAL_UART_MspInit)
    i.HAL_UART_RxCpltCallback                0x08003f70   Section        0  usart.o(i.HAL_UART_RxCpltCallback)
    i.HAL_UART_RxHalfCpltCallback            0x08003f88   Section        0  stm32f4xx_hal_uart.o(i.HAL_UART_RxHalfCpltCallback)
    i.HAL_UART_Transmit                      0x08003f8a   Section        0  stm32f4xx_hal_uart.o(i.HAL_UART_Transmit)
    i.HAL_UART_Transmit_DMA                  0x0800405c   Section        0  stm32f4xx_hal_uart.o(i.HAL_UART_Transmit_DMA)
    i.HAL_UART_TxCpltCallback                0x08004108   Section        0  stm32f4xx_hal_uart.o(i.HAL_UART_TxCpltCallback)
    i.HAL_UART_TxHalfCpltCallback            0x0800410a   Section        0  stm32f4xx_hal_uart.o(i.HAL_UART_TxHalfCpltCallback)
    i.HardFault_Handler                      0x0800410c   Section        0  stm32f4xx_it.o(i.HardFault_Handler)
    i.I2C1_Ack                               0x08004110   Section        0  touch.o(i.I2C1_Ack)
    i.I2C1_Delay_us                          0x08004144   Section        0  touch.o(i.I2C1_Delay_us)
    i.I2C1_NoAck                             0x08004160   Section        0  touch.o(i.I2C1_NoAck)
    i.I2C1_Read_Byte                         0x08004194   Section        0  touch.o(i.I2C1_Read_Byte)
    i.I2C1_Send_Byte                         0x080041f0   Section        0  touch.o(i.I2C1_Send_Byte)
    i.I2C1_Start                             0x08004258   Section        0  touch.o(i.I2C1_Start)
    i.I2C1_Stop                              0x0800428c   Section        0  touch.o(i.I2C1_Stop)
    i.I2C1_WaitAck                           0x080042bc   Section        0  touch.o(i.I2C1_WaitAck)
    i.KEY_GPIO_Init                          0x08004314   Section        0  key.o(i.KEY_GPIO_Init)
    i.KEY_Param_Init                         0x080043e0   Section        0  key.o(i.KEY_Param_Init)
    i.LCD_CTRL_GPIO_Init                     0x080043ec   Section        0  lcd_drive.o(i.LCD_CTRL_GPIO_Init)
    i.LCD_Initialize                         0x0800447c   Section        0  lcd_drive.o(i.LCD_Initialize)
    i.LCD_Rst                                0x080047f8   Section        0  lcd_drive.o(i.LCD_Rst)
    LCD_Rst                                  0x080047f9   Thumb Code    30  lcd_drive.o(i.LCD_Rst)
    i.LCD_delay                              0x08004820   Section        0  lcd_drive.o(i.LCD_delay)
    i.LED_GPIO_Init                          0x0800484c   Section        0  led.o(i.LED_GPIO_Init)
    i.Lcd_Clear_All                          0x08004978   Section        0  lcd_drive.o(i.Lcd_Clear_All)
    i.Lcd_Clear_Area                         0x080049b4   Section        0  lcd_drive.o(i.Lcd_Clear_Area)
    i.Lcd_Set_Region                         0x08004a38   Section        0  lcd_drive.o(i.Lcd_Set_Region)
    i.Lcd_Set_XY                             0x08004aaa   Section        0  lcd_drive.o(i.Lcd_Set_XY)
    i.MX_ADC1_Init                           0x08004adc   Section        0  adc.o(i.MX_ADC1_Init)
    i.MX_DMA_Init                            0x08004b7c   Section        0  dma.o(i.MX_DMA_Init)
    i.MX_FSMC_Init                           0x08004c04   Section        0  fsmc.o(i.MX_FSMC_Init)
    i.MX_GPIO_Init                           0x08004c80   Section        0  gpio.o(i.MX_GPIO_Init)
    i.MX_NVIC_Init                           0x08004e84   Section        0  main.o(i.MX_NVIC_Init)
    MX_NVIC_Init                             0x08004e85   Thumb Code    36  main.o(i.MX_NVIC_Init)
    i.MX_SPI2_Init                           0x08004ea8   Section        0  spi.o(i.MX_SPI2_Init)
    i.MX_TIM2_Init                           0x08004eec   Section        0  tim.o(i.MX_TIM2_Init)
    i.MX_TIM3_Init                           0x08004f90   Section        0  tim.o(i.MX_TIM3_Init)
    i.MX_TIM6_Init                           0x08005000   Section        0  tim.o(i.MX_TIM6_Init)
    i.MX_TIM7_Init                           0x0800504c   Section        0  tim.o(i.MX_TIM7_Init)
    i.MX_USART1_UART_Init                    0x08005098   Section        0  usart.o(i.MX_USART1_UART_Init)
    i.MemManage_Handler                      0x080050d0   Section        0  stm32f4xx_it.o(i.MemManage_Handler)
    i.My_TIMx_Init                           0x080050d4   Section        0  time_drive.o(i.My_TIMx_Init)
    i.NMI_Handler                            0x08005104   Section        0  stm32f4xx_it.o(i.NMI_Handler)
    i.PendSV_Handler                         0x08005108   Section        0  stm32f4xx_it.o(i.PendSV_Handler)
    i.ReadCTP                                0x0800510c   Section        0  touch.o(i.ReadCTP)
    i.Read_aAsc16_Dot                        0x080052c4   Section        0  w25q64.o(i.Read_aAsc16_Dot)
    i.Read_aAsc24_Dot                        0x080052de   Section        0  w25q64.o(i.Read_aAsc24_Dot)
    i.Read_aWord_Hzk16_Dot                   0x080052fc   Section        0  w25q64.o(i.Read_aWord_Hzk16_Dot)
    i.Read_aWord_Hzk24_Dot                   0x08005330   Section        0  w25q64.o(i.Read_aWord_Hzk24_Dot)
    i.SPI_EndRxTxTransaction                 0x0800536c   Section        0  stm32f4xx_hal_spi.o(i.SPI_EndRxTxTransaction)
    SPI_EndRxTxTransaction                   0x0800536d   Thumb Code   100  stm32f4xx_hal_spi.o(i.SPI_EndRxTxTransaction)
    i.SPI_WaitFlagStateUntilTimeout          0x080053d8   Section        0  stm32f4xx_hal_spi.o(i.SPI_WaitFlagStateUntilTimeout)
    SPI_WaitFlagStateUntilTimeout            0x080053d9   Thumb Code   210  stm32f4xx_hal_spi.o(i.SPI_WaitFlagStateUntilTimeout)
    i.SVC_Handler                            0x080054b0   Section        0  stm32f4xx_it.o(i.SVC_Handler)
    i.SendIntValue                           0x080054b4   Section        0  adc.o(i.SendIntValue)
    i.Set_TIMx_Freq                          0x080054dc   Section        0  time_drive.o(i.Set_TIMx_Freq)
    i.SysTick_Handler                        0x08005628   Section        0  stm32f4xx_it.o(i.SysTick_Handler)
    i.SystemClock_Config                     0x08005630   Section        0  main.o(i.SystemClock_Config)
    i.SystemInit                             0x080056e4   Section        0  system_stm32f4xx.o(i.SystemInit)
    i.TIM7_IRQHandler                        0x080056f8   Section        0  stm32f4xx_it.o(i.TIM7_IRQHandler)
    i.TIM_Base_SetConfig                     0x08005708   Section        0  stm32f4xx_hal_tim.o(i.TIM_Base_SetConfig)
    i.TIM_CCxChannelCmd                      0x080057e0   Section        0  stm32f4xx_hal_tim.o(i.TIM_CCxChannelCmd)
    i.TIM_ETR_SetConfig                      0x08005802   Section        0  stm32f4xx_hal_tim.o(i.TIM_ETR_SetConfig)
    i.TIM_ITRx_SetConfig                     0x08005818   Section        0  stm32f4xx_hal_tim.o(i.TIM_ITRx_SetConfig)
    TIM_ITRx_SetConfig                       0x08005819   Thumb Code    18  stm32f4xx_hal_tim.o(i.TIM_ITRx_SetConfig)
    i.TIM_OC1_SetConfig                      0x0800582c   Section        0  stm32f4xx_hal_tim.o(i.TIM_OC1_SetConfig)
    TIM_OC1_SetConfig                        0x0800582d   Thumb Code   104  stm32f4xx_hal_tim.o(i.TIM_OC1_SetConfig)
    i.TIM_OC2_SetConfig                      0x0800589c   Section        0  stm32f4xx_hal_tim.o(i.TIM_OC2_SetConfig)
    i.TIM_OC3_SetConfig                      0x08005918   Section        0  stm32f4xx_hal_tim.o(i.TIM_OC3_SetConfig)
    TIM_OC3_SetConfig                        0x08005919   Thumb Code   112  stm32f4xx_hal_tim.o(i.TIM_OC3_SetConfig)
    i.TIM_OC4_SetConfig                      0x08005990   Section        0  stm32f4xx_hal_tim.o(i.TIM_OC4_SetConfig)
    TIM_OC4_SetConfig                        0x08005991   Thumb Code    74  stm32f4xx_hal_tim.o(i.TIM_OC4_SetConfig)
    i.TIM_TI1_ConfigInputStage               0x080059e4   Section        0  stm32f4xx_hal_tim.o(i.TIM_TI1_ConfigInputStage)
    TIM_TI1_ConfigInputStage                 0x080059e5   Thumb Code    38  stm32f4xx_hal_tim.o(i.TIM_TI1_ConfigInputStage)
    i.TIM_TI2_ConfigInputStage               0x08005a0a   Section        0  stm32f4xx_hal_tim.o(i.TIM_TI2_ConfigInputStage)
    TIM_TI2_ConfigInputStage                 0x08005a0b   Thumb Code    40  stm32f4xx_hal_tim.o(i.TIM_TI2_ConfigInputStage)
    i.Touch_Disp_XY                          0x08005a32   Section        0  touch.o(i.Touch_Disp_XY)
    i.Touch_Process                          0x08005a58   Section        0  touch.o(i.Touch_Process)
    i.U1_Process                             0x08005b9c   Section        0  usart.o(i.U1_Process)
    i.UART_DMAAbortOnError                   0x08005bc0   Section        0  stm32f4xx_hal_uart.o(i.UART_DMAAbortOnError)
    UART_DMAAbortOnError                     0x08005bc1   Thumb Code    20  stm32f4xx_hal_uart.o(i.UART_DMAAbortOnError)
    i.UART_DMAError                          0x08005bd4   Section        0  stm32f4xx_hal_uart.o(i.UART_DMAError)
    UART_DMAError                            0x08005bd5   Thumb Code    80  stm32f4xx_hal_uart.o(i.UART_DMAError)
    i.UART_DMAReceiveCplt                    0x08005c24   Section        0  stm32f4xx_hal_uart.o(i.UART_DMAReceiveCplt)
    UART_DMAReceiveCplt                      0x08005c25   Thumb Code   176  stm32f4xx_hal_uart.o(i.UART_DMAReceiveCplt)
    i.UART_DMARxHalfCplt                     0x08005cd4   Section        0  stm32f4xx_hal_uart.o(i.UART_DMARxHalfCplt)
    UART_DMARxHalfCplt                       0x08005cd5   Thumb Code    32  stm32f4xx_hal_uart.o(i.UART_DMARxHalfCplt)
    i.UART_DMATransmitCplt                   0x08005cf4   Section        0  stm32f4xx_hal_uart.o(i.UART_DMATransmitCplt)
    UART_DMATransmitCplt                     0x08005cf5   Thumb Code    88  stm32f4xx_hal_uart.o(i.UART_DMATransmitCplt)
    i.UART_DMATxHalfCplt                     0x08005d4c   Section        0  stm32f4xx_hal_uart.o(i.UART_DMATxHalfCplt)
    UART_DMATxHalfCplt                       0x08005d4d   Thumb Code    14  stm32f4xx_hal_uart.o(i.UART_DMATxHalfCplt)
    i.UART_EndRxTransfer                     0x08005d5a   Section        0  stm32f4xx_hal_uart.o(i.UART_EndRxTransfer)
    UART_EndRxTransfer                       0x08005d5b   Thumb Code   108  stm32f4xx_hal_uart.o(i.UART_EndRxTransfer)
    i.UART_EndTransmit_IT                    0x08005dc6   Section        0  stm32f4xx_hal_uart.o(i.UART_EndTransmit_IT)
    UART_EndTransmit_IT                      0x08005dc7   Thumb Code    32  stm32f4xx_hal_uart.o(i.UART_EndTransmit_IT)
    i.UART_EndTxTransfer                     0x08005de6   Section        0  stm32f4xx_hal_uart.o(i.UART_EndTxTransfer)
    UART_EndTxTransfer                       0x08005de7   Thumb Code    38  stm32f4xx_hal_uart.o(i.UART_EndTxTransfer)
    i.UART_Receive_IT                        0x08005e0c   Section        0  stm32f4xx_hal_uart.o(i.UART_Receive_IT)
    UART_Receive_IT                          0x08005e0d   Thumb Code   248  stm32f4xx_hal_uart.o(i.UART_Receive_IT)
    i.UART_SetConfig                         0x08005f04   Section        0  stm32f4xx_hal_uart.o(i.UART_SetConfig)
    UART_SetConfig                           0x08005f05   Thumb Code   546  stm32f4xx_hal_uart.o(i.UART_SetConfig)
    i.UART_Start_Receive_DMA                 0x08006130   Section        0  stm32f4xx_hal_uart.o(i.UART_Start_Receive_DMA)
    i.UART_Transmit_IT                       0x08006200   Section        0  stm32f4xx_hal_uart.o(i.UART_Transmit_IT)
    UART_Transmit_IT                         0x08006201   Thumb Code    96  stm32f4xx_hal_uart.o(i.UART_Transmit_IT)
    i.UART_WaitOnFlagUntilTimeout            0x08006260   Section        0  stm32f4xx_hal_uart.o(i.UART_WaitOnFlagUntilTimeout)
    UART_WaitOnFlagUntilTimeout              0x08006261   Thumb Code   146  stm32f4xx_hal_uart.o(i.UART_WaitOnFlagUntilTimeout)
    i.USART1_IRQHandler                      0x080062f4   Section        0  stm32f4xx_it.o(i.USART1_IRQHandler)
    i.UsageFault_Handler                     0x08006304   Section        0  stm32f4xx_it.o(i.UsageFault_Handler)
    i.W25Q64_CS_GPIO_Init                    0x08006308   Section        0  w25q64.o(i.W25Q64_CS_GPIO_Init)
    i.W25Q64_Read                            0x08006358   Section        0  w25q64.o(i.W25Q64_Read)
    i.WriteComm                              0x080063b4   Section        0  lcd_drive.o(i.WriteComm)
    i.WriteData                              0x080063bc   Section        0  lcd_drive.o(i.WriteData)
    i.__0sprintf                             0x080063c8   Section        0  printfa.o(i.__0sprintf)
    i.__NVIC_GetPriorityGrouping             0x080063f0   Section        0  stm32f4xx_hal_cortex.o(i.__NVIC_GetPriorityGrouping)
    __NVIC_GetPriorityGrouping               0x080063f1   Thumb Code    10  stm32f4xx_hal_cortex.o(i.__NVIC_GetPriorityGrouping)
    i.__NVIC_SetPriority                     0x08006400   Section        0  stm32f4xx_hal_cortex.o(i.__NVIC_SetPriority)
    __NVIC_SetPriority                       0x08006401   Thumb Code    32  stm32f4xx_hal_cortex.o(i.__NVIC_SetPriority)
    i.__hardfp_sqrt                          0x08006428   Section        0  sqrt.o(i.__hardfp_sqrt)
    i.__scatterload_copy                     0x080064a2   Section       14  handlers.o(i.__scatterload_copy)
    i.__scatterload_null                     0x080064b0   Section        2  handlers.o(i.__scatterload_null)
    i.__scatterload_zeroinit                 0x080064b2   Section       14  handlers.o(i.__scatterload_zeroinit)
    i.__set_errno                            0x080064c0   Section        0  errno.o(i.__set_errno)
    i._fp_digits                             0x080064cc   Section        0  printfa.o(i._fp_digits)
    _fp_digits                               0x080064cd   Thumb Code   366  printfa.o(i._fp_digits)
    i._printf_core                           0x08006650   Section        0  printfa.o(i._printf_core)
    _printf_core                             0x08006651   Thumb Code  1704  printfa.o(i._printf_core)
    i._printf_post_padding                   0x08006d04   Section        0  printfa.o(i._printf_post_padding)
    _printf_post_padding                     0x08006d05   Thumb Code    36  printfa.o(i._printf_post_padding)
    i._printf_pre_padding                    0x08006d28   Section        0  printfa.o(i._printf_pre_padding)
    _printf_pre_padding                      0x08006d29   Thumb Code    46  printfa.o(i._printf_pre_padding)
    i._sputc                                 0x08006d56   Section        0  printfa.o(i._sputc)
    _sputc                                   0x08006d57   Thumb Code    10  printfa.o(i._sputc)
    i.main                                   0x08006d60   Section        0  main.o(i.main)
    i.tftDisp_Touch_XY                       0x08006ea0   Section        0  tftdisp.o(i.tftDisp_Touch_XY)
    i.tftDisp_noTouch_XY                     0x08006f20   Section        0  tftdisp.o(i.tftDisp_noTouch_XY)
    i.vdget                                  0x08006f60   Section        0  adc.o(i.vdget)
    .constdata                               0x08007008   Section       14  main.o(.constdata)
    .constdata                               0x08007016   Section        8  stm32f4xx_hal_dma.o(.constdata)
    flagBitshiftOffset                       0x08007016   Data           8  stm32f4xx_hal_dma.o(.constdata)
    .constdata                               0x0800701e   Section       24  system_stm32f4xx.o(.constdata)
    .data                                    0x20000000   Section       84  adc.o(.data)
    lasttriglevel                            0x20000000   Data           2  adc.o(.data)
    lastavglevel                             0x20000002   Data           2  adc.o(.data)
    newtrig                                  0x20000004   Data           2  adc.o(.data)
    .data                                    0x20000054   Section        8  fsmc.o(.data)
    FSMC_Initialized                         0x20000054   Data           4  fsmc.o(.data)
    FSMC_DeInitialized                       0x20000058   Data           4  fsmc.o(.data)
    .data                                    0x2000005c   Section        4  usart.o(.data)
    .data                                    0x20000060   Section        9  stm32f4xx_hal.o(.data)
    .data                                    0x2000006c   Section        4  system_stm32f4xx.o(.data)
    .data                                    0x20000070   Section        4  tftdisp.o(.data)
    last_touch_x                             0x20000070   Data           2  tftdisp.o(.data)
    last_touch_y                             0x20000072   Data           2  tftdisp.o(.data)
    .data                                    0x20000078   Section        8  touch.o(.data)
    .data                                    0x20000080   Section        1  time_drive.o(.data)
    .data                                    0x20000081   Section        8  key.o(.data)
    lastKey1                                 0x20000085   Data           1  key.o(.data)
    lastKey2                                 0x20000086   Data           1  key.o(.data)
    lastKey3                                 0x20000087   Data           1  key.o(.data)
    lastKey4                                 0x20000088   Data           1  key.o(.data)
    .data                                    0x2000008c   Section        4  errno.o(.data)
    _errno                                   0x2000008c   Data           4  errno.o(.data)
    .bss                                     0x20000090   Section     9832  adc.o(.bss)
    .bss                                     0x200026f8   Section       80  fsmc.o(.bss)
    .bss                                     0x20002748   Section       88  spi.o(.bss)
    .bss                                     0x200027a0   Section      288  tim.o(.bss)
    .bss                                     0x200028c0   Section      660  usart.o(.bss)
    .bss                                     0x20002b54   Section       14  touch.o(.bss)
    ctplast                                  0x20002b54   Data          14  touch.o(.bss)
    STACK                                    0x20002b68   Section    16384  startup_stm32f407xx.o(STACK)

    Global Symbols

    Symbol Name                              Value     Ov Type        Size  Object(Section)

    BuildAttributes$$THM_ISAv4$E$P$D$K$B$S$7EM$VFPi3$EXTD16$VFPS$VFMA$PE$A:L22UL41UL21$X:L11$S22US41US21$IEEE1$IW$USESV6$~STKCKD$USESV7$~SHL$OTIME$ROPI$IEEEJ$EBA8$MICROLIB$REQ8$PRES8$EABIv2 0x00000000   Number         0  anon$$obj.o ABSOLUTE
    __ARM_use_no_argv                        0x00000000   Number         0  main.o ABSOLUTE
    _printf_a                                0x00000000   Number         0  stubs.o ABSOLUTE
    _printf_c                                0x00000000   Number         0  stubs.o ABSOLUTE
    _printf_charcount                        0x00000000   Number         0  stubs.o ABSOLUTE
    _printf_d                                0x00000000   Number         0  stubs.o ABSOLUTE
    _printf_e                                0x00000000   Number         0  stubs.o ABSOLUTE
    _printf_f                                0x00000000   Number         0  stubs.o ABSOLUTE
    _printf_flags                            0x00000000   Number         0  stubs.o ABSOLUTE
    _printf_fp_dec                           0x00000000   Number         0  stubs.o ABSOLUTE
    _printf_fp_hex                           0x00000000   Number         0  stubs.o ABSOLUTE
    _printf_g                                0x00000000   Number         0  stubs.o ABSOLUTE
    _printf_i                                0x00000000   Number         0  stubs.o ABSOLUTE
    _printf_int_dec                          0x00000000   Number         0  stubs.o ABSOLUTE
    _printf_l                                0x00000000   Number         0  stubs.o ABSOLUTE
    _printf_lc                               0x00000000   Number         0  stubs.o ABSOLUTE
    _printf_ll                               0x00000000   Number         0  stubs.o ABSOLUTE
    _printf_lld                              0x00000000   Number         0  stubs.o ABSOLUTE
    _printf_lli                              0x00000000   Number         0  stubs.o ABSOLUTE
    _printf_llo                              0x00000000   Number         0  stubs.o ABSOLUTE
    _printf_llu                              0x00000000   Number         0  stubs.o ABSOLUTE
    _printf_llx                              0x00000000   Number         0  stubs.o ABSOLUTE
    _printf_longlong_dec                     0x00000000   Number         0  stubs.o ABSOLUTE
    _printf_longlong_hex                     0x00000000   Number         0  stubs.o ABSOLUTE
    _printf_longlong_oct                     0x00000000   Number         0  stubs.o ABSOLUTE
    _printf_ls                               0x00000000   Number         0  stubs.o ABSOLUTE
    _printf_mbtowc                           0x00000000   Number         0  stubs.o ABSOLUTE
    _printf_n                                0x00000000   Number         0  stubs.o ABSOLUTE
    _printf_o                                0x00000000   Number         0  stubs.o ABSOLUTE
    _printf_p                                0x00000000   Number         0  stubs.o ABSOLUTE
    _printf_percent                          0x00000000   Number         0  stubs.o ABSOLUTE
    _printf_pre_padding                      0x00000000   Number         0  stubs.o ABSOLUTE
    _printf_return_value                     0x00000000   Number         0  stubs.o ABSOLUTE
    _printf_s                                0x00000000   Number         0  stubs.o ABSOLUTE
    _printf_sizespec                         0x00000000   Number         0  stubs.o ABSOLUTE
    _printf_str                              0x00000000   Number         0  stubs.o ABSOLUTE
    _printf_truncate_signed                  0x00000000   Number         0  stubs.o ABSOLUTE
    _printf_truncate_unsigned                0x00000000   Number         0  stubs.o ABSOLUTE
    _printf_u                                0x00000000   Number         0  stubs.o ABSOLUTE
    _printf_wc                               0x00000000   Number         0  stubs.o ABSOLUTE
    _printf_wctomb                           0x00000000   Number         0  stubs.o ABSOLUTE
    _printf_widthprec                        0x00000000   Number         0  stubs.o ABSOLUTE
    _printf_x                                0x00000000   Number         0  stubs.o ABSOLUTE
    __arm_fini_                               - Undefined Weak Reference
    __cpp_initialize__aeabi_                  - Undefined Weak Reference
    __cxa_finalize                            - Undefined Weak Reference
    __decompress                              - Undefined Weak Reference
    _clock_init                               - Undefined Weak Reference
    _microlib_exit                            - Undefined Weak Reference
    __Vectors_Size                           0x00000188   Number         0  startup_stm32f407xx.o ABSOLUTE
    __Vectors                                0x08000000   Data           4  startup_stm32f407xx.o(RESET)
    __Vectors_End                            0x08000188   Data           0  startup_stm32f407xx.o(RESET)
    __main                                   0x08000189   Thumb Code     0  entry.o(.ARM.Collect$$$$00000000)
    _main_stk                                0x08000189   Thumb Code     0  entry2.o(.ARM.Collect$$$$00000001)
    _main_scatterload                        0x0800018d   Thumb Code     0  entry5.o(.ARM.Collect$$$$00000004)
    __main_after_scatterload                 0x08000191   Thumb Code     0  entry5.o(.ARM.Collect$$$$00000004)
    _main_clock                              0x08000191   Thumb Code     0  entry7b.o(.ARM.Collect$$$$00000008)
    _main_cpp_init                           0x08000191   Thumb Code     0  entry8b.o(.ARM.Collect$$$$0000000A)
    _main_init                               0x08000191   Thumb Code     0  entry9a.o(.ARM.Collect$$$$0000000B)
    __rt_lib_shutdown_fini                   0x08000199   Thumb Code     0  entry12b.o(.ARM.Collect$$$$0000000E)
    __rt_final_cpp                           0x0800019d   Thumb Code     0  entry10a.o(.ARM.Collect$$$$0000000F)
    __rt_final_exit                          0x0800019d   Thumb Code     0  entry11a.o(.ARM.Collect$$$$00000011)
    Reset_Handler                            0x080001a1   Thumb Code     8  startup_stm32f407xx.o(.text)
    ADC_IRQHandler                           0x080001bb   Thumb Code     0  startup_stm32f407xx.o(.text)
    CAN1_RX0_IRQHandler                      0x080001bb   Thumb Code     0  startup_stm32f407xx.o(.text)
    CAN1_RX1_IRQHandler                      0x080001bb   Thumb Code     0  startup_stm32f407xx.o(.text)
    CAN1_SCE_IRQHandler                      0x080001bb   Thumb Code     0  startup_stm32f407xx.o(.text)
    CAN1_TX_IRQHandler                       0x080001bb   Thumb Code     0  startup_stm32f407xx.o(.text)
    CAN2_RX0_IRQHandler                      0x080001bb   Thumb Code     0  startup_stm32f407xx.o(.text)
    CAN2_RX1_IRQHandler                      0x080001bb   Thumb Code     0  startup_stm32f407xx.o(.text)
    CAN2_SCE_IRQHandler                      0x080001bb   Thumb Code     0  startup_stm32f407xx.o(.text)
    CAN2_TX_IRQHandler                       0x080001bb   Thumb Code     0  startup_stm32f407xx.o(.text)
    DCMI_IRQHandler                          0x080001bb   Thumb Code     0  startup_stm32f407xx.o(.text)
    DMA1_Stream0_IRQHandler                  0x080001bb   Thumb Code     0  startup_stm32f407xx.o(.text)
    DMA1_Stream1_IRQHandler                  0x080001bb   Thumb Code     0  startup_stm32f407xx.o(.text)
    DMA1_Stream2_IRQHandler                  0x080001bb   Thumb Code     0  startup_stm32f407xx.o(.text)
    DMA1_Stream3_IRQHandler                  0x080001bb   Thumb Code     0  startup_stm32f407xx.o(.text)
    DMA1_Stream4_IRQHandler                  0x080001bb   Thumb Code     0  startup_stm32f407xx.o(.text)
    DMA1_Stream6_IRQHandler                  0x080001bb   Thumb Code     0  startup_stm32f407xx.o(.text)
    DMA1_Stream7_IRQHandler                  0x080001bb   Thumb Code     0  startup_stm32f407xx.o(.text)
    DMA2_Stream1_IRQHandler                  0x080001bb   Thumb Code     0  startup_stm32f407xx.o(.text)
    DMA2_Stream3_IRQHandler                  0x080001bb   Thumb Code     0  startup_stm32f407xx.o(.text)
    DMA2_Stream4_IRQHandler                  0x080001bb   Thumb Code     0  startup_stm32f407xx.o(.text)
    DMA2_Stream5_IRQHandler                  0x080001bb   Thumb Code     0  startup_stm32f407xx.o(.text)
    DMA2_Stream6_IRQHandler                  0x080001bb   Thumb Code     0  startup_stm32f407xx.o(.text)
    ETH_IRQHandler                           0x080001bb   Thumb Code     0  startup_stm32f407xx.o(.text)
    ETH_WKUP_IRQHandler                      0x080001bb   Thumb Code     0  startup_stm32f407xx.o(.text)
    EXTI0_IRQHandler                         0x080001bb   Thumb Code     0  startup_stm32f407xx.o(.text)
    EXTI15_10_IRQHandler                     0x080001bb   Thumb Code     0  startup_stm32f407xx.o(.text)
    EXTI1_IRQHandler                         0x080001bb   Thumb Code     0  startup_stm32f407xx.o(.text)
    EXTI2_IRQHandler                         0x080001bb   Thumb Code     0  startup_stm32f407xx.o(.text)
    EXTI3_IRQHandler                         0x080001bb   Thumb Code     0  startup_stm32f407xx.o(.text)
    EXTI4_IRQHandler                         0x080001bb   Thumb Code     0  startup_stm32f407xx.o(.text)
    EXTI9_5_IRQHandler                       0x080001bb   Thumb Code     0  startup_stm32f407xx.o(.text)
    FLASH_IRQHandler                         0x080001bb   Thumb Code     0  startup_stm32f407xx.o(.text)
    FMC_IRQHandler                           0x080001bb   Thumb Code     0  startup_stm32f407xx.o(.text)
    FPU_IRQHandler                           0x080001bb   Thumb Code     0  startup_stm32f407xx.o(.text)
    HASH_RNG_IRQHandler                      0x080001bb   Thumb Code     0  startup_stm32f407xx.o(.text)
    I2C1_ER_IRQHandler                       0x080001bb   Thumb Code     0  startup_stm32f407xx.o(.text)
    I2C1_EV_IRQHandler                       0x080001bb   Thumb Code     0  startup_stm32f407xx.o(.text)
    I2C2_ER_IRQHandler                       0x080001bb   Thumb Code     0  startup_stm32f407xx.o(.text)
    I2C2_EV_IRQHandler                       0x080001bb   Thumb Code     0  startup_stm32f407xx.o(.text)
    I2C3_ER_IRQHandler                       0x080001bb   Thumb Code     0  startup_stm32f407xx.o(.text)
    I2C3_EV_IRQHandler                       0x080001bb   Thumb Code     0  startup_stm32f407xx.o(.text)
    OTG_FS_IRQHandler                        0x080001bb   Thumb Code     0  startup_stm32f407xx.o(.text)
    OTG_FS_WKUP_IRQHandler                   0x080001bb   Thumb Code     0  startup_stm32f407xx.o(.text)
    OTG_HS_EP1_IN_IRQHandler                 0x080001bb   Thumb Code     0  startup_stm32f407xx.o(.text)
    OTG_HS_EP1_OUT_IRQHandler                0x080001bb   Thumb Code     0  startup_stm32f407xx.o(.text)
    OTG_HS_IRQHandler                        0x080001bb   Thumb Code     0  startup_stm32f407xx.o(.text)
    OTG_HS_WKUP_IRQHandler                   0x080001bb   Thumb Code     0  startup_stm32f407xx.o(.text)
    PVD_IRQHandler                           0x080001bb   Thumb Code     0  startup_stm32f407xx.o(.text)
    RCC_IRQHandler                           0x080001bb   Thumb Code     0  startup_stm32f407xx.o(.text)
    RTC_Alarm_IRQHandler                     0x080001bb   Thumb Code     0  startup_stm32f407xx.o(.text)
    RTC_WKUP_IRQHandler                      0x080001bb   Thumb Code     0  startup_stm32f407xx.o(.text)
    SDIO_IRQHandler                          0x080001bb   Thumb Code     0  startup_stm32f407xx.o(.text)
    SPI1_IRQHandler                          0x080001bb   Thumb Code     0  startup_stm32f407xx.o(.text)
    SPI2_IRQHandler                          0x080001bb   Thumb Code     0  startup_stm32f407xx.o(.text)
    SPI3_IRQHandler                          0x080001bb   Thumb Code     0  startup_stm32f407xx.o(.text)
    TAMP_STAMP_IRQHandler                    0x080001bb   Thumb Code     0  startup_stm32f407xx.o(.text)
    TIM1_BRK_TIM9_IRQHandler                 0x080001bb   Thumb Code     0  startup_stm32f407xx.o(.text)
    TIM1_CC_IRQHandler                       0x080001bb   Thumb Code     0  startup_stm32f407xx.o(.text)
    TIM1_TRG_COM_TIM11_IRQHandler            0x080001bb   Thumb Code     0  startup_stm32f407xx.o(.text)
    TIM1_UP_TIM10_IRQHandler                 0x080001bb   Thumb Code     0  startup_stm32f407xx.o(.text)
    TIM2_IRQHandler                          0x080001bb   Thumb Code     0  startup_stm32f407xx.o(.text)
    TIM3_IRQHandler                          0x080001bb   Thumb Code     0  startup_stm32f407xx.o(.text)
    TIM4_IRQHandler                          0x080001bb   Thumb Code     0  startup_stm32f407xx.o(.text)
    TIM5_IRQHandler                          0x080001bb   Thumb Code     0  startup_stm32f407xx.o(.text)
    TIM6_DAC_IRQHandler                      0x080001bb   Thumb Code     0  startup_stm32f407xx.o(.text)
    TIM8_BRK_TIM12_IRQHandler                0x080001bb   Thumb Code     0  startup_stm32f407xx.o(.text)
    TIM8_CC_IRQHandler                       0x080001bb   Thumb Code     0  startup_stm32f407xx.o(.text)
    TIM8_TRG_COM_TIM14_IRQHandler            0x080001bb   Thumb Code     0  startup_stm32f407xx.o(.text)
    TIM8_UP_TIM13_IRQHandler                 0x080001bb   Thumb Code     0  startup_stm32f407xx.o(.text)
    UART4_IRQHandler                         0x080001bb   Thumb Code     0  startup_stm32f407xx.o(.text)
    UART5_IRQHandler                         0x080001bb   Thumb Code     0  startup_stm32f407xx.o(.text)
    USART2_IRQHandler                        0x080001bb   Thumb Code     0  startup_stm32f407xx.o(.text)
    USART3_IRQHandler                        0x080001bb   Thumb Code     0  startup_stm32f407xx.o(.text)
    USART6_IRQHandler                        0x080001bb   Thumb Code     0  startup_stm32f407xx.o(.text)
    WWDG_IRQHandler                          0x080001bb   Thumb Code     0  startup_stm32f407xx.o(.text)
    __aeabi_uldivmod                         0x080001c5   Thumb Code    98  uldiv.o(.text)
    __aeabi_memcpy                           0x08000227   Thumb Code    36  memcpya.o(.text)
    __aeabi_memcpy4                          0x08000227   Thumb Code     0  memcpya.o(.text)
    __aeabi_memcpy8                          0x08000227   Thumb Code     0  memcpya.o(.text)
    __aeabi_memset                           0x0800024b   Thumb Code    14  memseta.o(.text)
    __aeabi_memset4                          0x0800024b   Thumb Code     0  memseta.o(.text)
    __aeabi_memset8                          0x0800024b   Thumb Code     0  memseta.o(.text)
    __aeabi_memclr                           0x08000259   Thumb Code     4  memseta.o(.text)
    __aeabi_memclr4                          0x08000259   Thumb Code     0  memseta.o(.text)
    __aeabi_memclr8                          0x08000259   Thumb Code     0  memseta.o(.text)
    _memset$wrapper                          0x0800025d   Thumb Code    18  memseta.o(.text)
    __aeabi_dadd                             0x0800026f   Thumb Code   322  dadd.o(.text)
    __aeabi_dsub                             0x080003b1   Thumb Code     6  dadd.o(.text)
    __aeabi_drsub                            0x080003b7   Thumb Code     6  dadd.o(.text)
    __aeabi_dmul                             0x080003bd   Thumb Code   228  dmul.o(.text)
    __aeabi_ddiv                             0x080004a1   Thumb Code   222  ddiv.o(.text)
    __aeabi_i2d                              0x0800057f   Thumb Code    34  dflti.o(.text)
    __aeabi_ui2d                             0x080005a1   Thumb Code    26  dfltui.o(.text)
    __aeabi_d2uiz                            0x080005bb   Thumb Code    50  dfixui.o(.text)
    __aeabi_cdcmpeq                          0x080005ed   Thumb Code     0  cdcmple.o(.text)
    __aeabi_cdcmple                          0x080005ed   Thumb Code    48  cdcmple.o(.text)
    __aeabi_cdrcmple                         0x0800061d   Thumb Code    48  cdrcmple.o(.text)
    __aeabi_uidiv                            0x0800064d   Thumb Code     0  uidiv.o(.text)
    __aeabi_uidivmod                         0x0800064d   Thumb Code    44  uidiv.o(.text)
    __aeabi_llsl                             0x08000679   Thumb Code    30  llshl.o(.text)
    _ll_shift_l                              0x08000679   Thumb Code     0  llshl.o(.text)
    __aeabi_llsr                             0x08000697   Thumb Code    32  llushr.o(.text)
    _ll_ushift_r                             0x08000697   Thumb Code     0  llushr.o(.text)
    __aeabi_lasr                             0x080006b7   Thumb Code    36  llsshr.o(.text)
    _ll_sshift_r                             0x080006b7   Thumb Code     0  llsshr.o(.text)
    __I$use$fp                               0x080006db   Thumb Code     0  iusefp.o(.text)
    _double_round                            0x080006db   Thumb Code    30  depilogue.o(.text)
    _double_epilogue                         0x080006f9   Thumb Code   156  depilogue.o(.text)
    _dsqrt                                   0x08000795   Thumb Code   162  dsqrt.o(.text)
    __aeabi_d2ulz                            0x08000837   Thumb Code    48  dfixul.o(.text)
    __scatterload                            0x08000869   Thumb Code    28  init.o(.text)
    __scatterload_rt2                        0x08000869   Thumb Code     0  init.o(.text)
    Average                                  0x08000a95   Thumb Code    72  adc.o(i.Average)
    BusFault_Handler                         0x08000ae5   Thumb Code     4  stm32f4xx_it.o(i.BusFault_Handler)
    DMA1_Stream5_IRQHandler                  0x08000ae9   Thumb Code     2  stm32f4xx_it.o(i.DMA1_Stream5_IRQHandler)
    DMA2_Stream0_IRQHandler                  0x08000aed   Thumb Code    10  stm32f4xx_it.o(i.DMA2_Stream0_IRQHandler)
    DMA2_Stream2_IRQHandler                  0x08000afd   Thumb Code    10  stm32f4xx_it.o(i.DMA2_Stream2_IRQHandler)
    DMA2_Stream7_IRQHandler                  0x08000b0d   Thumb Code    10  stm32f4xx_it.o(i.DMA2_Stream7_IRQHandler)
    DebugMon_Handler                         0x08000c27   Thumb Code     2  stm32f4xx_it.o(i.DebugMon_Handler)
    Disp_ADC_in10                            0x08000c29   Thumb Code   116  tftdisp.o(i.Disp_ADC_in10)
    Disp_ADC_in11                            0x08000ccd   Thumb Code   116  tftdisp.o(i.Disp_ADC_in11)
    Disp_ADC_in12                            0x08000d71   Thumb Code   116  tftdisp.o(i.Disp_ADC_in12)
    Draw_Main_Win                            0x08000e11   Thumb Code   256  tftdisp.o(i.Draw_Main_Win)
    Error_Handler                            0x08000f69   Thumb Code     6  main.o(i.Error_Handler)
    FSMC_NORSRAM_Extended_Timing_Init        0x08000f71   Thumb Code    62  stm32f4xx_ll_fsmc.o(i.FSMC_NORSRAM_Extended_Timing_Init)
    FSMC_NORSRAM_Init                        0x08000fb5   Thumb Code   116  stm32f4xx_ll_fsmc.o(i.FSMC_NORSRAM_Init)
    FSMC_NORSRAM_Timing_Init                 0x0800102d   Thumb Code    66  stm32f4xx_ll_fsmc.o(i.FSMC_NORSRAM_Timing_Init)
    FT6336_I2C_GPIO_Init                     0x08001071   Thumb Code   128  touch.o(i.FT6336_I2C_GPIO_Init)
    FT6336_Read_Reg                          0x08001101   Thumb Code    94  touch.o(i.FT6336_Read_Reg)
    Gui_Draw_Asc16_Hzk16                     0x08001161   Thumb Code   290  gui.o(i.Gui_Draw_Asc16_Hzk16)
    Gui_Draw_Asc24_Hzk24                     0x08001289   Thumb Code   388  gui.o(i.Gui_Draw_Asc24_Hzk24)
    Gui_Draw_Line                            0x08001411   Thumb Code   190  gui.o(i.Gui_Draw_Line)
    Gui_Draw_aPixel                          0x080014d1   Thumb Code    22  gui.o(i.Gui_Draw_aPixel)
    HAL_ADC_ConfigChannel                    0x080014ed   Thumb Code   380  stm32f4xx_hal_adc.o(i.HAL_ADC_ConfigChannel)
    HAL_ADC_ConvCpltCallback                 0x08001679   Thumb Code   434  adc.o(i.HAL_ADC_ConvCpltCallback)
    HAL_ADC_ConvHalfCpltCallback             0x08001895   Thumb Code     2  stm32f4xx_hal_adc.o(i.HAL_ADC_ConvHalfCpltCallback)
    HAL_ADC_ErrorCallback                    0x08001897   Thumb Code     2  stm32f4xx_hal_adc.o(i.HAL_ADC_ErrorCallback)
    HAL_ADC_GetValue                         0x08001899   Thumb Code     8  stm32f4xx_hal_adc.o(i.HAL_ADC_GetValue)
    HAL_ADC_Init                             0x080018a1   Thumb Code   100  stm32f4xx_hal_adc.o(i.HAL_ADC_Init)
    HAL_ADC_MspInit                          0x08001909   Thumb Code   176  adc.o(i.HAL_ADC_MspInit)
    HAL_ADC_PollForConversion                0x080019cd   Thumb Code   206  stm32f4xx_hal_adc.o(i.HAL_ADC_PollForConversion)
    HAL_ADC_Start                            0x08001a9d   Thumb Code   308  stm32f4xx_hal_adc.o(i.HAL_ADC_Start)
    HAL_ADC_Start_DMA                        0x08001be9   Thumb Code   398  stm32f4xx_hal_adc.o(i.HAL_ADC_Start_DMA)
    HAL_DMA_Abort                            0x08001d9d   Thumb Code   172  stm32f4xx_hal_dma.o(i.HAL_DMA_Abort)
    HAL_DMA_Abort_IT                         0x08001e49   Thumb Code    40  stm32f4xx_hal_dma.o(i.HAL_DMA_Abort_IT)
    HAL_DMA_IRQHandler                       0x08001e71   Thumb Code   570  stm32f4xx_hal_dma.o(i.HAL_DMA_IRQHandler)
    HAL_DMA_Init                             0x080020b1   Thumb Code   232  stm32f4xx_hal_dma.o(i.HAL_DMA_Init)
    HAL_DMA_Start_IT                         0x0800219d   Thumb Code   146  stm32f4xx_hal_dma.o(i.HAL_DMA_Start_IT)
    HAL_GPIO_Init                            0x080022bd   Thumb Code   454  stm32f4xx_hal_gpio.o(i.HAL_GPIO_Init)
    HAL_GPIO_WritePin                        0x080024b1   Thumb Code    12  stm32f4xx_hal_gpio.o(i.HAL_GPIO_WritePin)
    HAL_GetTick                              0x080024bd   Thumb Code     6  stm32f4xx_hal.o(i.HAL_GetTick)
    HAL_IncTick                              0x080024c9   Thumb Code    16  stm32f4xx_hal.o(i.HAL_IncTick)
    HAL_Init                                 0x080024e1   Thumb Code    54  stm32f4xx_hal.o(i.HAL_Init)
    HAL_InitTick                             0x0800251d   Thumb Code    64  stm32f4xx_hal.o(i.HAL_InitTick)
    HAL_MspInit                              0x08002569   Thumb Code    68  stm32f4xx_hal_msp.o(i.HAL_MspInit)
    HAL_NVIC_EnableIRQ                       0x080025b1   Thumb Code    32  stm32f4xx_hal_cortex.o(i.HAL_NVIC_EnableIRQ)
    HAL_NVIC_SetPriority                     0x080025d1   Thumb Code   124  stm32f4xx_hal_cortex.o(i.HAL_NVIC_SetPriority)
    HAL_NVIC_SetPriorityGrouping             0x0800264d   Thumb Code    32  stm32f4xx_hal_cortex.o(i.HAL_NVIC_SetPriorityGrouping)
    HAL_RCC_ClockConfig                      0x08002675   Thumb Code   368  stm32f4xx_hal_rcc.o(i.HAL_RCC_ClockConfig)
    HAL_RCC_GetHCLKFreq                      0x080027f9   Thumb Code     6  stm32f4xx_hal_rcc.o(i.HAL_RCC_GetHCLKFreq)
    HAL_RCC_GetPCLK1Freq                     0x08002805   Thumb Code    22  stm32f4xx_hal_rcc.o(i.HAL_RCC_GetPCLK1Freq)
    HAL_RCC_GetPCLK2Freq                     0x08002825   Thumb Code    22  stm32f4xx_hal_rcc.o(i.HAL_RCC_GetPCLK2Freq)
    HAL_RCC_GetSysClockFreq                  0x08002845   Thumb Code   162  stm32f4xx_hal_rcc.o(i.HAL_RCC_GetSysClockFreq)
    HAL_RCC_OscConfig                        0x080028f5   Thumb Code  1172  stm32f4xx_hal_rcc.o(i.HAL_RCC_OscConfig)
    HAL_SPI_Init                             0x08002d91   Thumb Code   200  stm32f4xx_hal_spi.o(i.HAL_SPI_Init)
    HAL_SPI_MspInit                          0x08002e59   Thumb Code   124  spi.o(i.HAL_SPI_MspInit)
    HAL_SPI_TransmitReceive                  0x08002ee1   Thumb Code   554  stm32f4xx_hal_spi.o(i.HAL_SPI_TransmitReceive)
    HAL_SRAM_Init                            0x0800310b   Thumb Code    94  stm32f4xx_hal_sram.o(i.HAL_SRAM_Init)
    HAL_SRAM_MspInit                         0x08003169   Thumb Code    10  fsmc.o(i.HAL_SRAM_MspInit)
    HAL_SYSTICK_Config                       0x08003173   Thumb Code    52  stm32f4xx_hal_cortex.o(i.HAL_SYSTICK_Config)
    HAL_TIMEx_BreakCallback                  0x080031a7   Thumb Code     2  stm32f4xx_hal_tim_ex.o(i.HAL_TIMEx_BreakCallback)
    HAL_TIMEx_CommutCallback                 0x080031a9   Thumb Code     2  stm32f4xx_hal_tim_ex.o(i.HAL_TIMEx_CommutCallback)
    HAL_TIMEx_MasterConfigSynchronization    0x080031ad   Thumb Code   150  stm32f4xx_hal_tim_ex.o(i.HAL_TIMEx_MasterConfigSynchronization)
    HAL_TIM_Base_Init                        0x08003261   Thumb Code   102  stm32f4xx_hal_tim.o(i.HAL_TIM_Base_Init)
    HAL_TIM_Base_MspInit                     0x080032c9   Thumb Code   164  tim.o(i.HAL_TIM_Base_MspInit)
    HAL_TIM_Base_Start                       0x0800337d   Thumb Code   126  stm32f4xx_hal_tim.o(i.HAL_TIM_Base_Start)
    HAL_TIM_Base_Start_IT                    0x08003419   Thumb Code   138  stm32f4xx_hal_tim.o(i.HAL_TIM_Base_Start_IT)
    HAL_TIM_ConfigClockSource                0x080034c1   Thumb Code   268  stm32f4xx_hal_tim.o(i.HAL_TIM_ConfigClockSource)
    HAL_TIM_IC_CaptureCallback               0x080035cd   Thumb Code     2  stm32f4xx_hal_tim.o(i.HAL_TIM_IC_CaptureCallback)
    HAL_TIM_IRQHandler                       0x080035cf   Thumb Code   406  stm32f4xx_hal_tim.o(i.HAL_TIM_IRQHandler)
    HAL_TIM_MspPostInit                      0x08003765   Thumb Code    82  tim.o(i.HAL_TIM_MspPostInit)
    HAL_TIM_OC_DelayElapsedCallback          0x080037c1   Thumb Code     2  stm32f4xx_hal_tim.o(i.HAL_TIM_OC_DelayElapsedCallback)
    HAL_TIM_PWM_ConfigChannel                0x080037c3   Thumb Code   260  stm32f4xx_hal_tim.o(i.HAL_TIM_PWM_ConfigChannel)
    HAL_TIM_PWM_Init                         0x080038c7   Thumb Code   102  stm32f4xx_hal_tim.o(i.HAL_TIM_PWM_Init)
    HAL_TIM_PWM_MspInit                      0x0800392d   Thumb Code     2  stm32f4xx_hal_tim.o(i.HAL_TIM_PWM_MspInit)
    HAL_TIM_PWM_PulseFinishedCallback        0x0800392f   Thumb Code     2  stm32f4xx_hal_tim.o(i.HAL_TIM_PWM_PulseFinishedCallback)
    HAL_TIM_PWM_Start                        0x08003931   Thumb Code   238  stm32f4xx_hal_tim.o(i.HAL_TIM_PWM_Start)
    HAL_TIM_PeriodElapsedCallback            0x08003a3d   Thumb Code    28  time_drive.o(i.HAL_TIM_PeriodElapsedCallback)
    HAL_TIM_TriggerCallback                  0x08003a69   Thumb Code     2  stm32f4xx_hal_tim.o(i.HAL_TIM_TriggerCallback)
    HAL_UARTEx_ReceiveToIdle_DMA             0x08003a6b   Thumb Code   130  stm32f4xx_hal_uart.o(i.HAL_UARTEx_ReceiveToIdle_DMA)
    HAL_UARTEx_RxEventCallback               0x08003aed   Thumb Code    20  usart.o(i.HAL_UARTEx_RxEventCallback)
    HAL_UART_ErrorCallback                   0x08003b0d   Thumb Code     2  stm32f4xx_hal_uart.o(i.HAL_UART_ErrorCallback)
    HAL_UART_IRQHandler                      0x08003b11   Thumb Code   732  stm32f4xx_hal_uart.o(i.HAL_UART_IRQHandler)
    HAL_UART_Init                            0x08003df1   Thumb Code   114  stm32f4xx_hal_uart.o(i.HAL_UART_Init)
    HAL_UART_MspInit                         0x08003e65   Thumb Code   244  usart.o(i.HAL_UART_MspInit)
    HAL_UART_RxCpltCallback                  0x08003f71   Thumb Code    16  usart.o(i.HAL_UART_RxCpltCallback)
    HAL_UART_RxHalfCpltCallback              0x08003f89   Thumb Code     2  stm32f4xx_hal_uart.o(i.HAL_UART_RxHalfCpltCallback)
    HAL_UART_Transmit                        0x08003f8b   Thumb Code   210  stm32f4xx_hal_uart.o(i.HAL_UART_Transmit)
    HAL_UART_Transmit_DMA                    0x0800405d   Thumb Code   160  stm32f4xx_hal_uart.o(i.HAL_UART_Transmit_DMA)
    HAL_UART_TxCpltCallback                  0x08004109   Thumb Code     2  stm32f4xx_hal_uart.o(i.HAL_UART_TxCpltCallback)
    HAL_UART_TxHalfCpltCallback              0x0800410b   Thumb Code     2  stm32f4xx_hal_uart.o(i.HAL_UART_TxHalfCpltCallback)
    HardFault_Handler                        0x0800410d   Thumb Code     4  stm32f4xx_it.o(i.HardFault_Handler)
    I2C1_Ack                                 0x08004111   Thumb Code    42  touch.o(i.I2C1_Ack)
    I2C1_Delay_us                            0x08004145   Thumb Code    28  touch.o(i.I2C1_Delay_us)
    I2C1_NoAck                               0x08004161   Thumb Code    44  touch.o(i.I2C1_NoAck)
    I2C1_Read_Byte                           0x08004195   Thumb Code    84  touch.o(i.I2C1_Read_Byte)
    I2C1_Send_Byte                           0x080041f1   Thumb Code    94  touch.o(i.I2C1_Send_Byte)
    I2C1_Start                               0x08004259   Thumb Code    42  touch.o(i.I2C1_Start)
    I2C1_Stop                                0x0800428d   Thumb Code    40  touch.o(i.I2C1_Stop)
    I2C1_WaitAck                             0x080042bd   Thumb Code    80  touch.o(i.I2C1_WaitAck)
    KEY_GPIO_Init                            0x08004315   Thumb Code   196  key.o(i.KEY_GPIO_Init)
    KEY_Param_Init                           0x080043e1   Thumb Code    12  key.o(i.KEY_Param_Init)
    LCD_CTRL_GPIO_Init                       0x080043ed   Thumb Code   124  lcd_drive.o(i.LCD_CTRL_GPIO_Init)
    LCD_Initialize                           0x0800447d   Thumb Code   888  lcd_drive.o(i.LCD_Initialize)
    LCD_delay                                0x08004821   Thumb Code    42  lcd_drive.o(i.LCD_delay)
    LED_GPIO_Init                            0x0800484d   Thumb Code   276  led.o(i.LED_GPIO_Init)
    Lcd_Clear_All                            0x08004979   Thumb Code    56  lcd_drive.o(i.Lcd_Clear_All)
    Lcd_Clear_Area                           0x080049b5   Thumb Code   126  lcd_drive.o(i.Lcd_Clear_Area)
    Lcd_Set_Region                           0x08004a39   Thumb Code   114  lcd_drive.o(i.Lcd_Set_Region)
    Lcd_Set_XY                               0x08004aab   Thumb Code    50  lcd_drive.o(i.Lcd_Set_XY)
    MX_ADC1_Init                             0x08004add   Thumb Code   152  adc.o(i.MX_ADC1_Init)
    MX_DMA_Init                              0x08004b7d   Thumb Code   130  dma.o(i.MX_DMA_Init)
    MX_FSMC_Init                             0x08004c05   Thumb Code   116  fsmc.o(i.MX_FSMC_Init)
    MX_GPIO_Init                             0x08004c81   Thumb Code   482  gpio.o(i.MX_GPIO_Init)
    MX_SPI2_Init                             0x08004ea9   Thumb Code    60  spi.o(i.MX_SPI2_Init)
    MX_TIM2_Init                             0x08004eed   Thumb Code   158  tim.o(i.MX_TIM2_Init)
    MX_TIM3_Init                             0x08004f91   Thumb Code   102  tim.o(i.MX_TIM3_Init)
    MX_TIM6_Init                             0x08005001   Thumb Code    68  tim.o(i.MX_TIM6_Init)
    MX_TIM7_Init                             0x0800504d   Thumb Code    66  tim.o(i.MX_TIM7_Init)
    MX_USART1_UART_Init                      0x08005099   Thumb Code    46  usart.o(i.MX_USART1_UART_Init)
    MemManage_Handler                        0x080050d1   Thumb Code     4  stm32f4xx_it.o(i.MemManage_Handler)
    My_TIMx_Init                             0x080050d5   Thumb Code    42  time_drive.o(i.My_TIMx_Init)
    NMI_Handler                              0x08005105   Thumb Code     4  stm32f4xx_it.o(i.NMI_Handler)
    PendSV_Handler                           0x08005109   Thumb Code     2  stm32f4xx_it.o(i.PendSV_Handler)
    ReadCTP                                  0x0800510d   Thumb Code   436  touch.o(i.ReadCTP)
    Read_aAsc16_Dot                          0x080052c5   Thumb Code    26  w25q64.o(i.Read_aAsc16_Dot)
    Read_aAsc24_Dot                          0x080052df   Thumb Code    30  w25q64.o(i.Read_aAsc24_Dot)
    Read_aWord_Hzk16_Dot                     0x080052fd   Thumb Code    52  w25q64.o(i.Read_aWord_Hzk16_Dot)
    Read_aWord_Hzk24_Dot                     0x08005331   Thumb Code    58  w25q64.o(i.Read_aWord_Hzk24_Dot)
    SVC_Handler                              0x080054b1   Thumb Code     2  stm32f4xx_it.o(i.SVC_Handler)
    SendIntValue                             0x080054b5   Thumb Code    34  adc.o(i.SendIntValue)
    Set_TIMx_Freq                            0x080054dd   Thumb Code   282  time_drive.o(i.Set_TIMx_Freq)
    SysTick_Handler                          0x08005629   Thumb Code     8  stm32f4xx_it.o(i.SysTick_Handler)
    SystemClock_Config                       0x08005631   Thumb Code   172  main.o(i.SystemClock_Config)
    SystemInit                               0x080056e5   Thumb Code    14  system_stm32f4xx.o(i.SystemInit)
    TIM7_IRQHandler                          0x080056f9   Thumb Code    10  stm32f4xx_it.o(i.TIM7_IRQHandler)
    TIM_Base_SetConfig                       0x08005709   Thumb Code   170  stm32f4xx_hal_tim.o(i.TIM_Base_SetConfig)
    TIM_CCxChannelCmd                        0x080057e1   Thumb Code    34  stm32f4xx_hal_tim.o(i.TIM_CCxChannelCmd)
    TIM_ETR_SetConfig                        0x08005803   Thumb Code    22  stm32f4xx_hal_tim.o(i.TIM_ETR_SetConfig)
    TIM_OC2_SetConfig                        0x0800589d   Thumb Code   114  stm32f4xx_hal_tim.o(i.TIM_OC2_SetConfig)
    Touch_Disp_XY                            0x08005a33   Thumb Code    36  touch.o(i.Touch_Disp_XY)
    Touch_Process                            0x08005a59   Thumb Code   264  touch.o(i.Touch_Process)
    U1_Process                               0x08005b9d   Thumb Code    28  usart.o(i.U1_Process)
    UART_Start_Receive_DMA                   0x08006131   Thumb Code   196  stm32f4xx_hal_uart.o(i.UART_Start_Receive_DMA)
    USART1_IRQHandler                        0x080062f5   Thumb Code    10  stm32f4xx_it.o(i.USART1_IRQHandler)
    UsageFault_Handler                       0x08006305   Thumb Code     4  stm32f4xx_it.o(i.UsageFault_Handler)
    W25Q64_CS_GPIO_Init                      0x08006309   Thumb Code    68  w25q64.o(i.W25Q64_CS_GPIO_Init)
    W25Q64_Read                              0x08006359   Thumb Code    80  w25q64.o(i.W25Q64_Read)
    WriteComm                                0x080063b5   Thumb Code     8  lcd_drive.o(i.WriteComm)
    WriteData                                0x080063bd   Thumb Code     6  lcd_drive.o(i.WriteData)
    __0sprintf                               0x080063c9   Thumb Code    34  printfa.o(i.__0sprintf)
    __1sprintf                               0x080063c9   Thumb Code     0  printfa.o(i.__0sprintf)
    __2sprintf                               0x080063c9   Thumb Code     0  printfa.o(i.__0sprintf)
    __c89sprintf                             0x080063c9   Thumb Code     0  printfa.o(i.__0sprintf)
    sprintf                                  0x080063c9   Thumb Code     0  printfa.o(i.__0sprintf)
    __hardfp_sqrt                            0x08006429   Thumb Code   122  sqrt.o(i.__hardfp_sqrt)
    __scatterload_copy                       0x080064a3   Thumb Code    14  handlers.o(i.__scatterload_copy)
    __scatterload_null                       0x080064b1   Thumb Code     2  handlers.o(i.__scatterload_null)
    __scatterload_zeroinit                   0x080064b3   Thumb Code    14  handlers.o(i.__scatterload_zeroinit)
    __set_errno                              0x080064c1   Thumb Code     6  errno.o(i.__set_errno)
    main                                     0x08006d61   Thumb Code   268  main.o(i.main)
    tftDisp_Touch_XY                         0x08006ea1   Thumb Code   116  tftdisp.o(i.tftDisp_Touch_XY)
    tftDisp_noTouch_XY                       0x08006f21   Thumb Code    48  tftdisp.o(i.tftDisp_noTouch_XY)
    vdget                                    0x08006f61   Thumb Code   142  adc.o(i.vdget)
    AHBPrescTable                            0x0800701e   Data          16  system_stm32f4xx.o(.constdata)
    APBPrescTable                            0x0800702e   Data           8  system_stm32f4xx.o(.constdata)
    Region$$Table$$Base                      0x08007038   Number         0  anon$$obj.o(Region$$Table)
    Region$$Table$$Limit                     0x08007058   Number         0  anon$$obj.o(Region$$Table)
    average_in10                             0x20000008   Data           8  adc.o(.data)
    average_in11                             0x20000010   Data           8  adc.o(.data)
    average_in12                             0x20000018   Data           8  adc.o(.data)
    adc_in11                                 0x20000020   Data           8  adc.o(.data)
    display_in10                             0x20000028   Data           8  adc.o(.data)
    display_in11                             0x20000030   Data           8  adc.o(.data)
    display_in12                             0x20000038   Data           8  adc.o(.data)
    ADC_Vdc_Volt                             0x20000040   Data           8  adc.o(.data)
    ADC_Vpp_Volt                             0x20000048   Data           8  adc.o(.data)
    ADC_Sin_Freq                             0x20000050   Data           4  adc.o(.data)
    U1_Rx_Success                            0x2000005c   Data           1  usart.o(.data)
    U1_IDLE_Rxed_Num                         0x2000005e   Data           2  usart.o(.data)
    uwTick                                   0x20000060   Data           4  stm32f4xx_hal.o(.data)
    uwTickPrio                               0x20000064   Data           4  stm32f4xx_hal.o(.data)
    uwTickFreq                               0x20000068   Data           1  stm32f4xx_hal.o(.data)
    SystemCoreClock                          0x2000006c   Data           4  system_stm32f4xx.o(.data)
    Disp_ADC                                 0x20000078   Data           8  touch.o(.data)
    Read_Key_Enable                          0x20000080   Data           1  time_drive.o(.data)
    Key                                      0x20000081   Data           4  key.o(.data)
    ADC1_Value                               0x20000090   Data        9600  adc.o(.bss)
    ADC_TRIG_LEVEL                           0x20002610   Data          64  adc.o(.bss)
    hadc1                                    0x20002650   Data          72  adc.o(.bss)
    hdma_adc1                                0x20002698   Data          96  adc.o(.bss)
    hsram1                                   0x200026f8   Data          80  fsmc.o(.bss)
    hspi2                                    0x20002748   Data          88  spi.o(.bss)
    htim2                                    0x200027a0   Data          72  tim.o(.bss)
    htim3                                    0x200027e8   Data          72  tim.o(.bss)
    htim6                                    0x20002830   Data          72  tim.o(.bss)
    htim7                                    0x20002878   Data          72  tim.o(.bss)
    U1_Rx_Buf                                0x200028c0   Data         200  usart.o(.bss)
    U1_Tx_Buf                                0x20002988   Data         200  usart.o(.bss)
    huart1                                   0x20002a50   Data          68  usart.o(.bss)
    hdma_usart1_rx                           0x20002a94   Data          96  usart.o(.bss)
    hdma_usart1_tx                           0x20002af4   Data          96  usart.o(.bss)
    __initial_sp                             0x20006b68   Data           0  startup_stm32f407xx.o(STACK)



==============================================================================

Memory Map of the image

  Image Entry point : 0x08000189

  Load Region LR_IROM1 (Base: 0x08000000, Size: 0x000070e8, Max: 0x00080000, ABSOLUTE)

    Execution Region ER_IROM1 (Exec base: 0x08000000, Load base: 0x08000000, Size: 0x00007058, Max: 0x00080000, ABSOLUTE)

    Exec Addr    Load Addr    Size         Type   Attr      Idx    E Section Name        Object

    0x08000000   0x08000000   0x00000188   Data   RO            3    RESET               startup_stm32f407xx.o
    0x08000188   0x08000188   0x00000000   Code   RO         5211  * .ARM.Collect$$$$00000000  mc_w.l(entry.o)
    0x08000188   0x08000188   0x00000004   Code   RO         5505    .ARM.Collect$$$$00000001  mc_w.l(entry2.o)
    0x0800018c   0x0800018c   0x00000004   Code   RO         5508    .ARM.Collect$$$$00000004  mc_w.l(entry5.o)
    0x08000190   0x08000190   0x00000000   Code   RO         5510    .ARM.Collect$$$$00000008  mc_w.l(entry7b.o)
    0x08000190   0x08000190   0x00000000   Code   RO         5512    .ARM.Collect$$$$0000000A  mc_w.l(entry8b.o)
    0x08000190   0x08000190   0x00000008   Code   RO         5513    .ARM.Collect$$$$0000000B  mc_w.l(entry9a.o)
    0x08000198   0x08000198   0x00000004   Code   RO         5520    .ARM.Collect$$$$0000000E  mc_w.l(entry12b.o)
    0x0800019c   0x0800019c   0x00000000   Code   RO         5515    .ARM.Collect$$$$0000000F  mc_w.l(entry10a.o)
    0x0800019c   0x0800019c   0x00000000   Code   RO         5517    .ARM.Collect$$$$00000011  mc_w.l(entry11a.o)
    0x0800019c   0x0800019c   0x00000004   Code   RO         5506    .ARM.Collect$$$$00002712  mc_w.l(entry2.o)
    0x080001a0   0x080001a0   0x00000024   Code   RO            4    .text               startup_stm32f407xx.o
    0x080001c4   0x080001c4   0x00000062   Code   RO         5214    .text               mc_w.l(uldiv.o)
    0x08000226   0x08000226   0x00000024   Code   RO         5216    .text               mc_w.l(memcpya.o)
    0x0800024a   0x0800024a   0x00000024   Code   RO         5218    .text               mc_w.l(memseta.o)
    0x0800026e   0x0800026e   0x0000014e   Code   RO         5489    .text               mf_w.l(dadd.o)
    0x080003bc   0x080003bc   0x000000e4   Code   RO         5491    .text               mf_w.l(dmul.o)
    0x080004a0   0x080004a0   0x000000de   Code   RO         5493    .text               mf_w.l(ddiv.o)
    0x0800057e   0x0800057e   0x00000022   Code   RO         5495    .text               mf_w.l(dflti.o)
    0x080005a0   0x080005a0   0x0000001a   Code   RO         5497    .text               mf_w.l(dfltui.o)
    0x080005ba   0x080005ba   0x00000032   Code   RO         5499    .text               mf_w.l(dfixui.o)
    0x080005ec   0x080005ec   0x00000030   Code   RO         5501    .text               mf_w.l(cdcmple.o)
    0x0800061c   0x0800061c   0x00000030   Code   RO         5503    .text               mf_w.l(cdrcmple.o)
    0x0800064c   0x0800064c   0x0000002c   Code   RO         5522    .text               mc_w.l(uidiv.o)
    0x08000678   0x08000678   0x0000001e   Code   RO         5524    .text               mc_w.l(llshl.o)
    0x08000696   0x08000696   0x00000020   Code   RO         5526    .text               mc_w.l(llushr.o)
    0x080006b6   0x080006b6   0x00000024   Code   RO         5528    .text               mc_w.l(llsshr.o)
    0x080006da   0x080006da   0x00000000   Code   RO         5537    .text               mc_w.l(iusefp.o)
    0x080006da   0x080006da   0x000000ba   Code   RO         5538    .text               mf_w.l(depilogue.o)
    0x08000794   0x08000794   0x000000a2   Code   RO         5540    .text               mf_w.l(dsqrt.o)
    0x08000836   0x08000836   0x00000030   Code   RO         5542    .text               mf_w.l(dfixul.o)
    0x08000866   0x08000866   0x00000002   PAD
    0x08000868   0x08000868   0x00000024   Code   RO         5544    .text               mc_w.l(init.o)
    0x0800088c   0x0800088c   0x0000007e   Code   RO          767    i.ADC_DMAConvCplt   stm32f4xx_hal_adc.o
    0x0800090a   0x0800090a   0x0000001a   Code   RO          768    i.ADC_DMAError      stm32f4xx_hal_adc.o
    0x08000924   0x08000924   0x0000000e   Code   RO          769    i.ADC_DMAHalfConvCplt  stm32f4xx_hal_adc.o
    0x08000932   0x08000932   0x00000002   PAD
    0x08000934   0x08000934   0x00000160   Code   RO          770    i.ADC_Init          stm32f4xx_hal_adc.o
    0x08000a94   0x08000a94   0x00000050   Code   RO          266    i.Average           adc.o
    0x08000ae4   0x08000ae4   0x00000004   Code   RO          631    i.BusFault_Handler  stm32f4xx_it.o
    0x08000ae8   0x08000ae8   0x00000002   Code   RO          632    i.DMA1_Stream5_IRQHandler  stm32f4xx_it.o
    0x08000aea   0x08000aea   0x00000002   PAD
    0x08000aec   0x08000aec   0x00000010   Code   RO          633    i.DMA2_Stream0_IRQHandler  stm32f4xx_it.o
    0x08000afc   0x08000afc   0x00000010   Code   RO          634    i.DMA2_Stream2_IRQHandler  stm32f4xx_it.o
    0x08000b0c   0x08000b0c   0x00000010   Code   RO          635    i.DMA2_Stream7_IRQHandler  stm32f4xx_it.o
    0x08000b1c   0x08000b1c   0x00000034   Code   RO         1549    i.DMA_CalcBaseAndBitshift  stm32f4xx_hal_dma.o
    0x08000b50   0x08000b50   0x000000aa   Code   RO         1550    i.DMA_CheckFifoParam  stm32f4xx_hal_dma.o
    0x08000bfa   0x08000bfa   0x0000002c   Code   RO         1551    i.DMA_SetConfig     stm32f4xx_hal_dma.o
    0x08000c26   0x08000c26   0x00000002   Code   RO          636    i.DebugMon_Handler  stm32f4xx_it.o
    0x08000c28   0x08000c28   0x000000a4   Code   RO         4716    i.Disp_ADC_in10     tftdisp.o
    0x08000ccc   0x08000ccc   0x000000a4   Code   RO         4717    i.Disp_ADC_in11     tftdisp.o
    0x08000d70   0x08000d70   0x000000a0   Code   RO         4718    i.Disp_ADC_in12     tftdisp.o
    0x08000e10   0x08000e10   0x00000158   Code   RO         4723    i.Draw_Main_Win     tftdisp.o
    0x08000f68   0x08000f68   0x00000006   Code   RO           13    i.Error_Handler     main.o
    0x08000f6e   0x08000f6e   0x00000002   PAD
    0x08000f70   0x08000f70   0x00000044   Code   RO         2475    i.FSMC_NORSRAM_Extended_Timing_Init  stm32f4xx_ll_fsmc.o
    0x08000fb4   0x08000fb4   0x00000078   Code   RO         2476    i.FSMC_NORSRAM_Init  stm32f4xx_ll_fsmc.o
    0x0800102c   0x0800102c   0x00000042   Code   RO         2477    i.FSMC_NORSRAM_Timing_Init  stm32f4xx_ll_fsmc.o
    0x0800106e   0x0800106e   0x00000002   PAD
    0x08001070   0x08001070   0x00000090   Code   RO         4824    i.FT6336_I2C_GPIO_Init  touch.o
    0x08001100   0x08001100   0x0000005e   Code   RO         4825    i.FT6336_Read_Reg   touch.o
    0x0800115e   0x0800115e   0x00000002   PAD
    0x08001160   0x08001160   0x00000128   Code   RO         4618    i.Gui_Draw_Asc16_Hzk16  gui.o
    0x08001288   0x08001288   0x00000188   Code   RO         4619    i.Gui_Draw_Asc24_Hzk24  gui.o
    0x08001410   0x08001410   0x000000be   Code   RO         4623    i.Gui_Draw_Line     gui.o
    0x080014ce   0x080014ce   0x00000002   PAD
    0x080014d0   0x080014d0   0x0000001c   Code   RO         4625    i.Gui_Draw_aPixel   gui.o
    0x080014ec   0x080014ec   0x0000018c   Code   RO          772    i.HAL_ADC_ConfigChannel  stm32f4xx_hal_adc.o
    0x08001678   0x08001678   0x0000021c   Code   RO          273    i.HAL_ADC_ConvCpltCallback  adc.o
    0x08001894   0x08001894   0x00000002   Code   RO          774    i.HAL_ADC_ConvHalfCpltCallback  stm32f4xx_hal_adc.o
    0x08001896   0x08001896   0x00000002   Code   RO          776    i.HAL_ADC_ErrorCallback  stm32f4xx_hal_adc.o
    0x08001898   0x08001898   0x00000008   Code   RO          779    i.HAL_ADC_GetValue  stm32f4xx_hal_adc.o
    0x080018a0   0x080018a0   0x00000068   Code   RO          781    i.HAL_ADC_Init      stm32f4xx_hal_adc.o
    0x08001908   0x08001908   0x000000c4   Code   RO          275    i.HAL_ADC_MspInit   adc.o
    0x080019cc   0x080019cc   0x000000ce   Code   RO          785    i.HAL_ADC_PollForConversion  stm32f4xx_hal_adc.o
    0x08001a9a   0x08001a9a   0x00000002   PAD
    0x08001a9c   0x08001a9c   0x0000014c   Code   RO          787    i.HAL_ADC_Start     stm32f4xx_hal_adc.o
    0x08001be8   0x08001be8   0x000001b4   Code   RO          788    i.HAL_ADC_Start_DMA  stm32f4xx_hal_adc.o
    0x08001d9c   0x08001d9c   0x000000ac   Code   RO         1552    i.HAL_DMA_Abort     stm32f4xx_hal_dma.o
    0x08001e48   0x08001e48   0x00000028   Code   RO         1553    i.HAL_DMA_Abort_IT  stm32f4xx_hal_dma.o
    0x08001e70   0x08001e70   0x00000240   Code   RO         1557    i.HAL_DMA_IRQHandler  stm32f4xx_hal_dma.o
    0x080020b0   0x080020b0   0x000000ec   Code   RO         1558    i.HAL_DMA_Init      stm32f4xx_hal_dma.o
    0x0800219c   0x0800219c   0x00000092   Code   RO         1562    i.HAL_DMA_Start_IT  stm32f4xx_hal_dma.o
    0x0800222e   0x0800222e   0x00000002   PAD
    0x08002230   0x08002230   0x0000008c   Code   RO          398    i.HAL_FSMC_MspInit  fsmc.o
    0x080022bc   0x080022bc   0x000001f4   Code   RO         1445    i.HAL_GPIO_Init     stm32f4xx_hal_gpio.o
    0x080024b0   0x080024b0   0x0000000c   Code   RO         1449    i.HAL_GPIO_WritePin  stm32f4xx_hal_gpio.o
    0x080024bc   0x080024bc   0x0000000c   Code   RO         1982    i.HAL_GetTick       stm32f4xx_hal.o
    0x080024c8   0x080024c8   0x00000018   Code   RO         1988    i.HAL_IncTick       stm32f4xx_hal.o
    0x080024e0   0x080024e0   0x0000003c   Code   RO         1989    i.HAL_Init          stm32f4xx_hal.o
    0x0800251c   0x0800251c   0x0000004c   Code   RO         1990    i.HAL_InitTick      stm32f4xx_hal.o
    0x08002568   0x08002568   0x00000048   Code   RO          743    i.HAL_MspInit       stm32f4xx_hal_msp.o
    0x080025b0   0x080025b0   0x00000020   Code   RO         1834    i.HAL_NVIC_EnableIRQ  stm32f4xx_hal_cortex.o
    0x080025d0   0x080025d0   0x0000007c   Code   RO         1840    i.HAL_NVIC_SetPriority  stm32f4xx_hal_cortex.o
    0x0800264c   0x0800264c   0x00000028   Code   RO         1841    i.HAL_NVIC_SetPriorityGrouping  stm32f4xx_hal_cortex.o
    0x08002674   0x08002674   0x00000184   Code   RO         1046    i.HAL_RCC_ClockConfig  stm32f4xx_hal_rcc.o
    0x080027f8   0x080027f8   0x0000000c   Code   RO         1051    i.HAL_RCC_GetHCLKFreq  stm32f4xx_hal_rcc.o
    0x08002804   0x08002804   0x00000020   Code   RO         1053    i.HAL_RCC_GetPCLK1Freq  stm32f4xx_hal_rcc.o
    0x08002824   0x08002824   0x00000020   Code   RO         1054    i.HAL_RCC_GetPCLK2Freq  stm32f4xx_hal_rcc.o
    0x08002844   0x08002844   0x000000b0   Code   RO         1055    i.HAL_RCC_GetSysClockFreq  stm32f4xx_hal_rcc.o
    0x080028f4   0x080028f4   0x0000049c   Code   RO         1058    i.HAL_RCC_OscConfig  stm32f4xx_hal_rcc.o
    0x08002d90   0x08002d90   0x000000c8   Code   RO         2739    i.HAL_SPI_Init      stm32f4xx_hal_spi.o
    0x08002e58   0x08002e58   0x00000088   Code   RO          451    i.HAL_SPI_MspInit   spi.o
    0x08002ee0   0x08002ee0   0x0000022a   Code   RO         2748    i.HAL_SPI_TransmitReceive  stm32f4xx_hal_spi.o
    0x0800310a   0x0800310a   0x0000005e   Code   RO         2597    i.HAL_SRAM_Init     stm32f4xx_hal_sram.o
    0x08003168   0x08003168   0x0000000a   Code   RO          400    i.HAL_SRAM_MspInit  fsmc.o
    0x08003172   0x08003172   0x00000034   Code   RO         1845    i.HAL_SYSTICK_Config  stm32f4xx_hal_cortex.o
    0x080031a6   0x080031a6   0x00000002   Code   RO         3767    i.HAL_TIMEx_BreakCallback  stm32f4xx_hal_tim_ex.o
    0x080031a8   0x080031a8   0x00000002   Code   RO         3768    i.HAL_TIMEx_CommutCallback  stm32f4xx_hal_tim_ex.o
    0x080031aa   0x080031aa   0x00000002   PAD
    0x080031ac   0x080031ac   0x000000b4   Code   RO         3786    i.HAL_TIMEx_MasterConfigSynchronization  stm32f4xx_hal_tim_ex.o
    0x08003260   0x08003260   0x00000066   Code   RO         3052    i.HAL_TIM_Base_Init  stm32f4xx_hal_tim.o
    0x080032c6   0x080032c6   0x00000002   PAD
    0x080032c8   0x080032c8   0x000000b4   Code   RO          493    i.HAL_TIM_Base_MspInit  tim.o
    0x0800337c   0x0800337c   0x0000009c   Code   RO         3055    i.HAL_TIM_Base_Start  stm32f4xx_hal_tim.o
    0x08003418   0x08003418   0x000000a8   Code   RO         3057    i.HAL_TIM_Base_Start_IT  stm32f4xx_hal_tim.o
    0x080034c0   0x080034c0   0x0000010c   Code   RO         3061    i.HAL_TIM_ConfigClockSource  stm32f4xx_hal_tim.o
    0x080035cc   0x080035cc   0x00000002   Code   RO         3086    i.HAL_TIM_IC_CaptureCallback  stm32f4xx_hal_tim.o
    0x080035ce   0x080035ce   0x00000196   Code   RO         3100    i.HAL_TIM_IRQHandler  stm32f4xx_hal_tim.o
    0x08003764   0x08003764   0x0000005c   Code   RO          494    i.HAL_TIM_MspPostInit  tim.o
    0x080037c0   0x080037c0   0x00000002   Code   RO         3103    i.HAL_TIM_OC_DelayElapsedCallback  stm32f4xx_hal_tim.o
    0x080037c2   0x080037c2   0x00000104   Code   RO         3124    i.HAL_TIM_PWM_ConfigChannel  stm32f4xx_hal_tim.o
    0x080038c6   0x080038c6   0x00000066   Code   RO         3127    i.HAL_TIM_PWM_Init  stm32f4xx_hal_tim.o
    0x0800392c   0x0800392c   0x00000002   Code   RO         3129    i.HAL_TIM_PWM_MspInit  stm32f4xx_hal_tim.o
    0x0800392e   0x0800392e   0x00000002   Code   RO         3130    i.HAL_TIM_PWM_PulseFinishedCallback  stm32f4xx_hal_tim.o
    0x08003930   0x08003930   0x0000010c   Code   RO         3132    i.HAL_TIM_PWM_Start  stm32f4xx_hal_tim.o
    0x08003a3c   0x08003a3c   0x0000002c   Code   RO         5082    i.HAL_TIM_PeriodElapsedCallback  time_drive.o
    0x08003a68   0x08003a68   0x00000002   Code   RO         3143    i.HAL_TIM_TriggerCallback  stm32f4xx_hal_tim.o
    0x08003a6a   0x08003a6a   0x00000082   Code   RO         4043    i.HAL_UARTEx_ReceiveToIdle_DMA  stm32f4xx_hal_uart.o
    0x08003aec   0x08003aec   0x00000020   Code   RO          558    i.HAL_UARTEx_RxEventCallback  usart.o
    0x08003b0c   0x08003b0c   0x00000002   Code   RO         4059    i.HAL_UART_ErrorCallback  stm32f4xx_hal_uart.o
    0x08003b0e   0x08003b0e   0x00000002   PAD
    0x08003b10   0x08003b10   0x000002e0   Code   RO         4062    i.HAL_UART_IRQHandler  stm32f4xx_hal_uart.o
    0x08003df0   0x08003df0   0x00000072   Code   RO         4063    i.HAL_UART_Init     stm32f4xx_hal_uart.o
    0x08003e62   0x08003e62   0x00000002   PAD
    0x08003e64   0x08003e64   0x0000010c   Code   RO          560    i.HAL_UART_MspInit  usart.o
    0x08003f70   0x08003f70   0x00000018   Code   RO          561    i.HAL_UART_RxCpltCallback  usart.o
    0x08003f88   0x08003f88   0x00000002   Code   RO         4070    i.HAL_UART_RxHalfCpltCallback  stm32f4xx_hal_uart.o
    0x08003f8a   0x08003f8a   0x000000d2   Code   RO         4071    i.HAL_UART_Transmit  stm32f4xx_hal_uart.o
    0x0800405c   0x0800405c   0x000000ac   Code   RO         4072    i.HAL_UART_Transmit_DMA  stm32f4xx_hal_uart.o
    0x08004108   0x08004108   0x00000002   Code   RO         4074    i.HAL_UART_TxCpltCallback  stm32f4xx_hal_uart.o
    0x0800410a   0x0800410a   0x00000002   Code   RO         4075    i.HAL_UART_TxHalfCpltCallback  stm32f4xx_hal_uart.o
    0x0800410c   0x0800410c   0x00000004   Code   RO          637    i.HardFault_Handler  stm32f4xx_it.o
    0x08004110   0x08004110   0x00000034   Code   RO         4827    i.I2C1_Ack          touch.o
    0x08004144   0x08004144   0x0000001c   Code   RO         4828    i.I2C1_Delay_us     touch.o
    0x08004160   0x08004160   0x00000034   Code   RO         4829    i.I2C1_NoAck        touch.o
    0x08004194   0x08004194   0x0000005c   Code   RO         4830    i.I2C1_Read_Byte    touch.o
    0x080041f0   0x080041f0   0x00000068   Code   RO         4831    i.I2C1_Send_Byte    touch.o
    0x08004258   0x08004258   0x00000034   Code   RO         4832    i.I2C1_Start        touch.o
    0x0800428c   0x0800428c   0x00000030   Code   RO         4833    i.I2C1_Stop         touch.o
    0x080042bc   0x080042bc   0x00000058   Code   RO         4834    i.I2C1_WaitAck      touch.o
    0x08004314   0x08004314   0x000000cc   Code   RO         5149    i.KEY_GPIO_Init     key.o
    0x080043e0   0x080043e0   0x0000000c   Code   RO         5150    i.KEY_Param_Init    key.o
    0x080043ec   0x080043ec   0x00000090   Code   RO         4529    i.LCD_CTRL_GPIO_Init  lcd_drive.o
    0x0800447c   0x0800447c   0x0000037c   Code   RO         4530    i.LCD_Initialize    lcd_drive.o
    0x080047f8   0x080047f8   0x00000028   Code   RO         4531    i.LCD_Rst           lcd_drive.o
    0x08004820   0x08004820   0x0000002a   Code   RO         4532    i.LCD_delay         lcd_drive.o
    0x0800484a   0x0800484a   0x00000002   PAD
    0x0800484c   0x0800484c   0x0000012c   Code   RO         4439    i.LED_GPIO_Init     led.o
    0x08004978   0x08004978   0x0000003c   Code   RO         4533    i.Lcd_Clear_All     lcd_drive.o
    0x080049b4   0x080049b4   0x00000084   Code   RO         4534    i.Lcd_Clear_Area    lcd_drive.o
    0x08004a38   0x08004a38   0x00000072   Code   RO         4535    i.Lcd_Set_Region    lcd_drive.o
    0x08004aaa   0x08004aaa   0x00000032   Code   RO         4536    i.Lcd_Set_XY        lcd_drive.o
    0x08004adc   0x08004adc   0x000000a0   Code   RO          276    i.MX_ADC1_Init      adc.o
    0x08004b7c   0x08004b7c   0x00000088   Code   RO          373    i.MX_DMA_Init       dma.o
    0x08004c04   0x08004c04   0x0000007c   Code   RO          401    i.MX_FSMC_Init      fsmc.o
    0x08004c80   0x08004c80   0x00000204   Code   RO          242    i.MX_GPIO_Init      gpio.o
    0x08004e84   0x08004e84   0x00000024   Code   RO           14    i.MX_NVIC_Init      main.o
    0x08004ea8   0x08004ea8   0x00000044   Code   RO          452    i.MX_SPI2_Init      spi.o
    0x08004eec   0x08004eec   0x000000a4   Code   RO          495    i.MX_TIM2_Init      tim.o
    0x08004f90   0x08004f90   0x00000070   Code   RO          496    i.MX_TIM3_Init      tim.o
    0x08005000   0x08005000   0x0000004c   Code   RO          497    i.MX_TIM6_Init      tim.o
    0x0800504c   0x0800504c   0x0000004c   Code   RO          498    i.MX_TIM7_Init      tim.o
    0x08005098   0x08005098   0x00000038   Code   RO          562    i.MX_USART1_UART_Init  usart.o
    0x080050d0   0x080050d0   0x00000004   Code   RO          638    i.MemManage_Handler  stm32f4xx_it.o
    0x080050d4   0x080050d4   0x00000030   Code   RO         5083    i.My_TIMx_Init      time_drive.o
    0x08005104   0x08005104   0x00000004   Code   RO          639    i.NMI_Handler       stm32f4xx_it.o
    0x08005108   0x08005108   0x00000002   Code   RO          640    i.PendSV_Handler    stm32f4xx_it.o
    0x0800510a   0x0800510a   0x00000002   PAD
    0x0800510c   0x0800510c   0x000001b8   Code   RO         4835    i.ReadCTP           touch.o
    0x080052c4   0x080052c4   0x0000001a   Code   RO         4933    i.Read_aAsc16_Dot   w25q64.o
    0x080052de   0x080052de   0x0000001e   Code   RO         4934    i.Read_aAsc24_Dot   w25q64.o
    0x080052fc   0x080052fc   0x00000034   Code   RO         4937    i.Read_aWord_Hzk16_Dot  w25q64.o
    0x08005330   0x08005330   0x0000003a   Code   RO         4938    i.Read_aWord_Hzk24_Dot  w25q64.o
    0x0800536a   0x0800536a   0x00000002   PAD
    0x0800536c   0x0800536c   0x0000006c   Code   RO         2777    i.SPI_EndRxTxTransaction  stm32f4xx_hal_spi.o
    0x080053d8   0x080053d8   0x000000d8   Code   RO         2782    i.SPI_WaitFlagStateUntilTimeout  stm32f4xx_hal_spi.o
    0x080054b0   0x080054b0   0x00000002   Code   RO          641    i.SVC_Handler       stm32f4xx_it.o
    0x080054b2   0x080054b2   0x00000002   PAD
    0x080054b4   0x080054b4   0x00000028   Code   RO          277    i.SendIntValue      adc.o
    0x080054dc   0x080054dc   0x0000014c   Code   RO         5085    i.Set_TIMx_Freq     time_drive.o
    0x08005628   0x08005628   0x00000008   Code   RO          642    i.SysTick_Handler   stm32f4xx_it.o
    0x08005630   0x08005630   0x000000b4   Code   RO           15    i.SystemClock_Config  main.o
    0x080056e4   0x080056e4   0x00000014   Code   RO         4402    i.SystemInit        system_stm32f4xx.o
    0x080056f8   0x080056f8   0x00000010   Code   RO          643    i.TIM7_IRQHandler   stm32f4xx_it.o
    0x08005708   0x08005708   0x000000d8   Code   RO         3145    i.TIM_Base_SetConfig  stm32f4xx_hal_tim.o
    0x080057e0   0x080057e0   0x00000022   Code   RO         3146    i.TIM_CCxChannelCmd  stm32f4xx_hal_tim.o
    0x08005802   0x08005802   0x00000016   Code   RO         3156    i.TIM_ETR_SetConfig  stm32f4xx_hal_tim.o
    0x08005818   0x08005818   0x00000012   Code   RO         3157    i.TIM_ITRx_SetConfig  stm32f4xx_hal_tim.o
    0x0800582a   0x0800582a   0x00000002   PAD
    0x0800582c   0x0800582c   0x00000070   Code   RO         3158    i.TIM_OC1_SetConfig  stm32f4xx_hal_tim.o
    0x0800589c   0x0800589c   0x0000007c   Code   RO         3159    i.TIM_OC2_SetConfig  stm32f4xx_hal_tim.o
    0x08005918   0x08005918   0x00000078   Code   RO         3160    i.TIM_OC3_SetConfig  stm32f4xx_hal_tim.o
    0x08005990   0x08005990   0x00000054   Code   RO         3161    i.TIM_OC4_SetConfig  stm32f4xx_hal_tim.o
    0x080059e4   0x080059e4   0x00000026   Code   RO         3163    i.TIM_TI1_ConfigInputStage  stm32f4xx_hal_tim.o
    0x08005a0a   0x08005a0a   0x00000028   Code   RO         3165    i.TIM_TI2_ConfigInputStage  stm32f4xx_hal_tim.o
    0x08005a32   0x08005a32   0x00000024   Code   RO         4836    i.Touch_Disp_XY     touch.o
    0x08005a56   0x08005a56   0x00000002   PAD
    0x08005a58   0x08005a58   0x00000144   Code   RO         4837    i.Touch_Process     touch.o
    0x08005b9c   0x08005b9c   0x00000024   Code   RO          563    i.U1_Process        usart.o
    0x08005bc0   0x08005bc0   0x00000014   Code   RO         4076    i.UART_DMAAbortOnError  stm32f4xx_hal_uart.o
    0x08005bd4   0x08005bd4   0x00000050   Code   RO         4077    i.UART_DMAError     stm32f4xx_hal_uart.o
    0x08005c24   0x08005c24   0x000000b0   Code   RO         4078    i.UART_DMAReceiveCplt  stm32f4xx_hal_uart.o
    0x08005cd4   0x08005cd4   0x00000020   Code   RO         4080    i.UART_DMARxHalfCplt  stm32f4xx_hal_uart.o
    0x08005cf4   0x08005cf4   0x00000058   Code   RO         4082    i.UART_DMATransmitCplt  stm32f4xx_hal_uart.o
    0x08005d4c   0x08005d4c   0x0000000e   Code   RO         4084    i.UART_DMATxHalfCplt  stm32f4xx_hal_uart.o
    0x08005d5a   0x08005d5a   0x0000006c   Code   RO         4086    i.UART_EndRxTransfer  stm32f4xx_hal_uart.o
    0x08005dc6   0x08005dc6   0x00000020   Code   RO         4087    i.UART_EndTransmit_IT  stm32f4xx_hal_uart.o
    0x08005de6   0x08005de6   0x00000026   Code   RO         4088    i.UART_EndTxTransfer  stm32f4xx_hal_uart.o
    0x08005e0c   0x08005e0c   0x000000f8   Code   RO         4089    i.UART_Receive_IT   stm32f4xx_hal_uart.o
    0x08005f04   0x08005f04   0x0000022c   Code   RO         4090    i.UART_SetConfig    stm32f4xx_hal_uart.o
    0x08006130   0x08006130   0x000000d0   Code   RO         4091    i.UART_Start_Receive_DMA  stm32f4xx_hal_uart.o
    0x08006200   0x08006200   0x00000060   Code   RO         4093    i.UART_Transmit_IT  stm32f4xx_hal_uart.o
    0x08006260   0x08006260   0x00000092   Code   RO         4094    i.UART_WaitOnFlagUntilTimeout  stm32f4xx_hal_uart.o
    0x080062f2   0x080062f2   0x00000002   PAD
    0x080062f4   0x080062f4   0x00000010   Code   RO          644    i.USART1_IRQHandler  stm32f4xx_it.o
    0x08006304   0x08006304   0x00000004   Code   RO          645    i.UsageFault_Handler  stm32f4xx_it.o
    0x08006308   0x08006308   0x00000050   Code   RO         4939    i.W25Q64_CS_GPIO_Init  w25q64.o
    0x08006358   0x08006358   0x0000005c   Code   RO         4943    i.W25Q64_Read       w25q64.o
    0x080063b4   0x080063b4   0x00000008   Code   RO         4537    i.WriteComm         lcd_drive.o
    0x080063bc   0x080063bc   0x0000000c   Code   RO         4538    i.WriteData         lcd_drive.o
    0x080063c8   0x080063c8   0x00000028   Code   RO         5463    i.__0sprintf        mc_w.l(printfa.o)
    0x080063f0   0x080063f0   0x00000010   Code   RO         1847    i.__NVIC_GetPriorityGrouping  stm32f4xx_hal_cortex.o
    0x08006400   0x08006400   0x00000028   Code   RO         1848    i.__NVIC_SetPriority  stm32f4xx_hal_cortex.o
    0x08006428   0x08006428   0x0000007a   Code   RO         5199    i.__hardfp_sqrt     m_wm.l(sqrt.o)
    0x080064a2   0x080064a2   0x0000000e   Code   RO         5548    i.__scatterload_copy  mc_w.l(handlers.o)
    0x080064b0   0x080064b0   0x00000002   Code   RO         5549    i.__scatterload_null  mc_w.l(handlers.o)
    0x080064b2   0x080064b2   0x0000000e   Code   RO         5550    i.__scatterload_zeroinit  mc_w.l(handlers.o)
    0x080064c0   0x080064c0   0x0000000c   Code   RO         5532    i.__set_errno       mc_w.l(errno.o)
    0x080064cc   0x080064cc   0x00000184   Code   RO         5468    i._fp_digits        mc_w.l(printfa.o)
    0x08006650   0x08006650   0x000006b4   Code   RO         5469    i._printf_core      mc_w.l(printfa.o)
    0x08006d04   0x08006d04   0x00000024   Code   RO         5470    i._printf_post_padding  mc_w.l(printfa.o)
    0x08006d28   0x08006d28   0x0000002e   Code   RO         5471    i._printf_pre_padding  mc_w.l(printfa.o)
    0x08006d56   0x08006d56   0x0000000a   Code   RO         5473    i._sputc            mc_w.l(printfa.o)
    0x08006d60   0x08006d60   0x00000140   Code   RO           16    i.main              main.o
    0x08006ea0   0x08006ea0   0x00000080   Code   RO         4725    i.tftDisp_Touch_XY  tftdisp.o
    0x08006f20   0x08006f20   0x00000040   Code   RO         4726    i.tftDisp_noTouch_XY  tftdisp.o
    0x08006f60   0x08006f60   0x000000a8   Code   RO          278    i.vdget             adc.o
    0x08007008   0x08007008   0x0000000e   Data   RO           17    .constdata          main.o
    0x08007016   0x08007016   0x00000008   Data   RO         1564    .constdata          stm32f4xx_hal_dma.o
    0x0800701e   0x0800701e   0x00000018   Data   RO         4403    .constdata          system_stm32f4xx.o
    0x08007036   0x08007036   0x00000002   PAD
    0x08007038   0x08007038   0x00000020   Data   RO         5546    Region$$Table       anon$$obj.o


    Execution Region RW_IRAM1 (Exec base: 0x20000000, Load base: 0x08007058, Size: 0x00006b68, Max: 0x0001c000, ABSOLUTE)

    Exec Addr    Load Addr    Size         Type   Attr      Idx    E Section Name        Object

    0x20000000   0x08007058   0x00000054   Data   RW          280    .data               adc.o
    0x20000054   0x080070ac   0x00000008   Data   RW          403    .data               fsmc.o
    0x2000005c   0x080070b4   0x00000004   Data   RW          567    .data               usart.o
    0x20000060   0x080070b8   0x00000009   Data   RW         1996    .data               stm32f4xx_hal.o
    0x20000069   0x080070c1   0x00000003   PAD
    0x2000006c   0x080070c4   0x00000004   Data   RW         4404    .data               system_stm32f4xx.o
    0x20000070   0x080070c8   0x00000004   Data   RW         4728    .data               tftdisp.o
    0x20000074   0x080070cc   0x00000004   PAD
    0x20000078   0x080070d0   0x00000008   Data   RW         4839    .data               touch.o
    0x20000080   0x080070d8   0x00000001   Data   RW         5089    .data               time_drive.o
    0x20000081   0x080070d9   0x00000008   Data   RW         5153    .data               key.o
    0x20000089   0x080070e1   0x00000003   PAD
    0x2000008c   0x080070e4   0x00000004   Data   RW         5533    .data               mc_w.l(errno.o)
    0x20000090        -       0x00002668   Zero   RW          279    .bss                adc.o
    0x200026f8        -       0x00000050   Zero   RW          402    .bss                fsmc.o
    0x20002748        -       0x00000058   Zero   RW          453    .bss                spi.o
    0x200027a0        -       0x00000120   Zero   RW          499    .bss                tim.o
    0x200028c0        -       0x00000294   Zero   RW          566    .bss                usart.o
    0x20002b54        -       0x0000000e   Zero   RW         4838    .bss                touch.o
    0x20002b62   0x080070e8   0x00000006   PAD
    0x20002b68        -       0x00004000   Zero   RW            1    STACK               startup_stm32f407xx.o


    Execution Region RW_IRAM2 (Exec base: 0x2001c000, Load base: 0x080070e8, Size: 0x00000000, Max: 0x00004000, ABSOLUTE)

    **** No section assigned to this execution region ****


==============================================================================

Image component sizes


      Code (inc. data)   RO Data    RW Data    ZI Data      Debug   Object Name

      1184        174          0         84       9832       5563   adc.o
       136          6          0          0          0        838   dma.o
       274         24          0          8         80       2307   fsmc.o
       516         34          0          0          0       1291   gpio.o
       906         16          0          0          0       4436   gui.o
       216          8          0          8          0       3003   key.o
      1494         50          0          0          0       7033   lcd_drive.o
       300         24          0          0          0       1064   led.o
       542         60         14          0          0     730435   main.o
       204         20          0          0         88       1689   spi.o
        36          8        392          0      16384        840   startup_stm32f407xx.o
       172         32          0          9          0       8789   stm32f4xx_hal.o
      2004         90          0          0          0       9245   stm32f4xx_hal_adc.o
       304         22          0          0          0      34483   stm32f4xx_hal_cortex.o
      1436         16          8          0          0       7066   stm32f4xx_hal_dma.o
       512         46          0          0          0       2120   stm32f4xx_hal_gpio.o
        72          4          0          0          0        866   stm32f4xx_hal_msp.o
      1820         84          0          0          0       5656   stm32f4xx_hal_rcc.o
      1078         14          0          0          0       4689   stm32f4xx_hal_spi.o
        94          0          0          0          0       1216   stm32f4xx_hal_sram.o
      2548        172          0          0          0      17261   stm32f4xx_hal_tim.o
       184         30          0          0          0       2513   stm32f4xx_hal_tim_ex.o
      3212         38          0          0          0      18593   stm32f4xx_hal_uart.o
       116         30          0          0          0       7288   stm32f4xx_it.o
       254         10          0          0          0       3931   stm32f4xx_ll_fsmc.o
        20          6         24          4          0       1139   system_stm32f4xx.o
      1024        256          0          4          0       5016   tftdisp.o
       700         60          0          0        288       4379   tim.o
       424         72          0          1          0       2709   time_drive.o
      1554        142          0          8         14      10012   touch.o
       416         62          0          4        660       3763   usart.o
       338         24          0          0          0       4202   w25q64.o

    ----------------------------------------------------------------------
     24128       1634        472        140      27352     913435   Object Totals
         0          0         32          0          0          0   (incl. Generated)
        38          0          2         10          6          0   (incl. Padding)

    ----------------------------------------------------------------------

      Code (inc. data)   RO Data    RW Data    ZI Data      Debug   Library Member Name

       122          0          0          0          0        148   sqrt.o
         0          0          0          0          0          0   entry.o
         0          0          0          0          0          0   entry10a.o
         0          0          0          0          0          0   entry11a.o
         4          0          0          0          0          0   entry12b.o
         8          4          0          0          0          0   entry2.o
         4          0          0          0          0          0   entry5.o
         0          0          0          0          0          0   entry7b.o
         0          0          0          0          0          0   entry8b.o
         8          4          0          0          0          0   entry9a.o
        12          6          0          4          0         68   errno.o
        30          0          0          0          0          0   handlers.o
        36          8          0          0          0         68   init.o
         0          0          0          0          0          0   iusefp.o
        30          0          0          0          0         68   llshl.o
        36          0          0          0          0         68   llsshr.o
        32          0          0          0          0         68   llushr.o
        36          0          0          0          0         68   memcpya.o
        36          0          0          0          0        108   memseta.o
      2236         86          0          0          0        532   printfa.o
        44          0          0          0          0         80   uidiv.o
        98          0          0          0          0         92   uldiv.o
        48          0          0          0          0         68   cdcmple.o
        48          0          0          0          0         68   cdrcmple.o
       334          0          0          0          0        148   dadd.o
       222          0          0          0          0        100   ddiv.o
       186          0          0          0          0        176   depilogue.o
        50          0          0          0          0         76   dfixui.o
        48          0          0          0          0         68   dfixul.o
        34          0          0          0          0         76   dflti.o
        26          0          0          0          0         76   dfltui.o
       228          0          0          0          0         96   dmul.o
       162          0          0          0          0        100   dsqrt.o

    ----------------------------------------------------------------------
      4160        108          0          4          0       2420   Library Totals
         2          0          0          0          0          0   (incl. Padding)

    ----------------------------------------------------------------------

      Code (inc. data)   RO Data    RW Data    ZI Data      Debug   Library Name

       122          0          0          0          0        148   m_wm.l
      2650        108          0          4          0       1220   mc_w.l
      1386          0          0          0          0       1052   mf_w.l

    ----------------------------------------------------------------------
      4160        108          0          4          0       2420   Library Totals

    ----------------------------------------------------------------------

==============================================================================


      Code (inc. data)   RO Data    RW Data    ZI Data      Debug   

     28288       1742        472        144      27352     896963   Grand Totals
     28288       1742        472        144      27352     896963   ELF Image Totals
     28288       1742        472        144          0          0   ROM Totals

==============================================================================

    Total RO  Size (Code + RO Data)                28760 (  28.09kB)
    Total RW  Size (RW Data + ZI Data)             27496 (  26.85kB)
    Total ROM Size (Code + RO Data + RW Data)      28904 (  28.23kB)

==============================================================================

